Archive member included to satisfy reference by file (symbol)

.pio/build/uno_r4_minima/lib6fa/libServo.a(Servo.cpp.o)
                              .pio/build/uno_r4_minima/src/walkingLizzard.ino.cpp.o (Servo::Servo())
.pio/build/uno_r4_minima/libFrameworkArduinoVariant.a(common_data.c.o)
                              .pio/build/uno_r4_minima/lib6fa/libServo.a(Servo.cpp.o) (g_ioport_ctrl)
.pio/build/uno_r4_minima/libFrameworkArduinoVariant.a(main.c.o)
                              /Users/adam/.platformio/packages/toolchain-gccarmnoneeabi/bin/../lib/gcc/arm-none-eabi/7.2.1/../../../../arm-none-eabi/lib/thumb/v7e-m/fpv4-sp/hard/crt0.o (main)
.pio/build/uno_r4_minima/libFrameworkArduinoVariant.a(pin_data.c.o)
                              .pio/build/uno_r4_minima/libFrameworkArduinoVariant.a(common_data.c.o) (g_bsp_pin_cfg)
.pio/build/uno_r4_minima/libFrameworkArduinoVariant.a(variant.cpp.o)
                              .pio/build/uno_r4_minima/lib6fa/libServo.a(Servo.cpp.o) (g_pin_cfg)
.pio/build/uno_r4_minima/libFrameworkArduino.a(FspTimer.cpp.o)
                              .pio/build/uno_r4_minima/lib6fa/libServo.a(Servo.cpp.o) (FspTimer::FspTimer())
.pio/build/uno_r4_minima/libFrameworkArduino.a(IRQManager.cpp.o)
                              .pio/build/uno_r4_minima/libFrameworkArduino.a(FspTimer.cpp.o) (IRQManager::getInstance())
.pio/build/uno_r4_minima/libFrameworkArduino.a(analog.cpp.o)
                              .pio/build/uno_r4_minima/libFrameworkArduino.a(FspTimer.cpp.o) (__get_timer_for_channel(int))
.pio/build/uno_r4_minima/libFrameworkArduino.a(Common.cpp.o)
                              .pio/build/uno_r4_minima/lib6fa/libServo.a(Servo.cpp.o) (map(long, long, long, long, long))
.pio/build/uno_r4_minima/libFrameworkArduino.a(Print.cpp.o)
                              .pio/build/uno_r4_minima/src/walkingLizzard.ino.cpp.o (arduino::Print::print(char const*))
.pio/build/uno_r4_minima/libFrameworkArduino.a(Stream.cpp.o)
                              .pio/build/uno_r4_minima/src/walkingLizzard.ino.cpp.o (arduino::Stream::readStringUntil(char))
.pio/build/uno_r4_minima/libFrameworkArduino.a(String.cpp.o)
                              .pio/build/uno_r4_minima/src/walkingLizzard.ino.cpp.o (arduino::String::~String())
.pio/build/uno_r4_minima/libFrameworkArduino.a(dac.cpp.o)
                              .pio/build/uno_r4_minima/libFrameworkArduino.a(analog.cpp.o) (CDac::analogWrite(int))
.pio/build/uno_r4_minima/libFrameworkArduino.a(digital.cpp.o)
                              .pio/build/uno_r4_minima/libFrameworkArduinoVariant.a(variant.cpp.o) (pinMode)
.pio/build/uno_r4_minima/libFrameworkArduino.a(itoa.c.o)
                              .pio/build/uno_r4_minima/libFrameworkArduino.a(String.cpp.o) (dtostrf)
.pio/build/uno_r4_minima/libFrameworkArduino.a(main.cpp.o)
                              .pio/build/uno_r4_minima/libFrameworkArduino.a(IRQManager.cpp.o) (atexit)
.pio/build/uno_r4_minima/libFrameworkArduino.a(pinDefinitions.cpp.o)
                              .pio/build/uno_r4_minima/libFrameworkArduino.a(analog.cpp.o) (pinPeripheral(e_bsp_io_port_pin_t, unsigned long))
.pio/build/uno_r4_minima/libFrameworkArduino.a(pwm.cpp.o)
                              .pio/build/uno_r4_minima/libFrameworkArduino.a(analog.cpp.o) (PwmOut::PwmOut(int))
.pio/build/uno_r4_minima/libFrameworkArduino.a(time.cpp.o)
                              .pio/build/uno_r4_minima/libFrameworkArduino.a(analog.cpp.o) (delayMicroseconds)
.pio/build/uno_r4_minima/libFrameworkArduino.a(SerialUSB.cpp.o)
                              .pio/build/uno_r4_minima/src/walkingLizzard.ino.cpp.o (_SerialUSB::begin(unsigned long))
.pio/build/uno_r4_minima/libFrameworkArduino.a(USB.cpp.o)
                              .pio/build/uno_r4_minima/libFrameworkArduino.a(main.cpp.o) (__USBStart())
.pio/build/uno_r4_minima/libFrameworkArduino.a(variant_helper.cpp.o)
                              .pio/build/uno_r4_minima/libFrameworkArduinoVariant.a(variant.cpp.o) (getPinCfgs(unsigned char, PinCfgReq_t))
.pio/build/uno_r4_minima/libFrameworkArduino.a(vector_table.c.o)
                              .pio/build/uno_r4_minima/libFrameworkArduino.a(main.cpp.o) (g_vector_table)
.pio/build/uno_r4_minima/libFrameworkArduino.a(boot.cpp.o)
                              .pio/build/uno_r4_minima/libFrameworkArduino.a(SerialUSB.cpp.o) (goBootloader())
.pio/build/uno_r4_minima/libFrameworkArduino.a(cdc_device.c.o)
                              .pio/build/uno_r4_minima/libFrameworkArduino.a(SerialUSB.cpp.o) (tud_cdc_n_connected)
.pio/build/uno_r4_minima/libFrameworkArduino.a(tusb_fifo.c.o)
                              .pio/build/uno_r4_minima/libFrameworkArduino.a(cdc_device.c.o) (tu_fifo_config)
.pio/build/uno_r4_minima/libFrameworkArduino.a(usbd.c.o)
                              .pio/build/uno_r4_minima/libFrameworkArduino.a(SerialUSB.cpp.o) (usbd_int_set)
.pio/build/uno_r4_minima/libFrameworkArduino.a(usbd_control.c.o)
[...]
Memory Configuration

Name             Origin             Length             Attributes
FLASH            0x0000000000004000 0x000000000003c000 xr
RAM              0x0000000020000000 0x0000000000008000 xrw
DATA_FLASH       0x0000000040100000 0x0000000000002000 xr
OPTION_SETTING   0x0000000000000000 0x0000000000000000 r
OPTION_SETTING_S 0x0000000000000000 0x0000000000000000 r
ID_CODE          0x0000000001010018 0x0000000000000020 xr
*default*        0x0000000000000000 0xffffffffffffffff

Linker script and memory map

LOAD /Users/adam/.platformio/packages/toolchain-gccarmnoneeabi/bin/../lib/gcc/arm-none-eabi/7.2.1/thumb/v7e-m/fpv4-sp/hard/crti.o
LOAD /Users/adam/.platformio/packages/toolchain-gccarmnoneeabi/bin/../lib/gcc/arm-none-eabi/7.2.1/thumb/v7e-m/fpv4-sp/hard/crtbegin.o
LOAD /Users/adam/.platformio/packages/toolchain-gccarmnoneeabi/bin/../lib/gcc/arm-none-eabi/7.2.1/../../../../arm-none-eabi/lib/thumb/v7e-m/fpv4-sp/hard/crt0.o
LOAD .pio/build/uno_r4_minima/src/walkingLizzard.ino.cpp.o
START GROUP
LOAD .pio/build/uno_r4_minima/lib6fa/libServo.a
LOAD .pio/build/uno_r4_minima/libFrameworkArduinoVariant.a
LOAD .pio/build/uno_r4_minima/libFrameworkArduino.a
LOAD /Users/adam/.platformio/packages/framework-arduinorenesas-uno/variants/MINIMA/libs/libfsp.a
LOAD /Users/adam/.platformio/packages/toolchain-gccarmnoneeabi/bin/../lib/gcc/arm-none-eabi/7.2.1/../../../../arm-none-eabi/lib/thumb/v7e-m/fpv4-sp/hard/libstdc++_nano.a
LOAD /Users/adam/.platformio/packages/toolchain-gccarmnoneeabi/bin/../lib/gcc/arm-none-eabi/7.2.1/../../../../arm-none-eabi/lib/thumb/v7e-m/fpv4-sp/hard/libsupc++_nano.a
LOAD /Users/adam/.platformio/packages/toolchain-gccarmnoneeabi/bin/../lib/gcc/arm-none-eabi/7.2.1/thumb/v7e-m/fpv4-sp/hard/libgcc.a
LOAD /Users/adam/.platformio/packages/toolchain-gccarmnoneeabi/bin/../lib/gcc/arm-none-eabi/7.2.1/../../../../arm-none-eabi/lib/thumb/v7e-m/fpv4-sp/hard/libnosys.a
END GROUP
LOAD /Users/adam/.platformio/packages/toolchain-gccarmnoneeabi/bin/../lib/gcc/arm-none-eabi/7.2.1/../../../../arm-none-eabi/lib/thumb/v7e-m/fpv4-sp/hard/libstdc++_nano.a
LOAD /Users/adam/.platformio/packages/toolchain-gccarmnoneeabi/bin/../lib/gcc/arm-none-eabi/7.2.1/../../../../arm-none-eabi/lib/thumb/v7e-m/fpv4-sp/hard/libm.a
LOAD /Users/adam/.platformio/packages/toolchain-gccarmnoneeabi/bin/../lib/gcc/arm-none-eabi/7.2.1/../../../../arm-none-eabi/lib/thumb/v7e-m/fpv4-sp/hard/libc_nano.a
START GROUP
LOAD /Users/adam/.platformio/packages/toolchain-gccarmnoneeabi/bin/../lib/gcc/arm-none-eabi/7.2.1/thumb/v7e-m/fpv4-sp/hard/libgcc.a
LOAD /Users/adam/.platformio/packages/toolchain-gccarmnoneeabi/bin/../lib/gcc/arm-none-eabi/7.2.1/../../../../arm-none-eabi/lib/thumb/v7e-m/fpv4-sp/hard/libc_nano.a
END GROUP
START GROUP
LOAD /Users/adam/.platformio/packages/toolchain-gccarmnoneeabi/bin/../lib/gcc/arm-none-eabi/7.2.1/thumb/v7e-m/fpv4-sp/hard/libgcc.a
LOAD /Users/adam/.platformio/packages/toolchain-gccarmnoneeabi/bin/../lib/gcc/arm-none-eabi/7.2.1/../../../../arm-none-eabi/lib/thumb/v7e-m/fpv4-sp/hard/libc_nano.a
LOAD /Users/adam/.platformio/packages/toolchain-gccarmnoneeabi/bin/../lib/gcc/arm-none-eabi/7.2.1/../../../../arm-none-eabi/lib/thumb/v7e-m/fpv4-sp/hard/libnosys.a
END GROUP
START GROUP
LOAD /Users/adam/.platformio/packages/toolchain-gccarmnoneeabi/bin/../lib/gcc/arm-none-eabi/7.2.1/thumb/v7e-m/fpv4-sp/hard/libgcc.a
LOAD /Users/adam/.platformio/packages/toolchain-gccarmnoneeabi/bin/../lib/gcc/arm-none-eabi/7.2.1/../../../../arm-none-eabi/lib/thumb/v7e-m/fpv4-sp/hard/libc_nano.a
LOAD /Users/adam/.platformio/packages/toolchain-gccarmnoneeabi/bin/../lib/gcc/arm-none-eabi/7.2.1/../../../../arm-none-eabi/lib/thumb/v7e-m/fpv4-sp/hard/libnosys.a
END GROUP
LOAD /Users/adam/.platformio/packages/toolchain-gccarmnoneeabi/bin/../lib/gcc/arm-none-eabi/7.2.1/thumb/v7e-m/fpv4-sp/hard/crtend.o
LOAD /Users/adam/.platformio/packages/toolchain-gccarmnoneeabi/bin/../lib/gcc/arm-none-eabi/7.2.1/thumb/v7e-m/fpv4-sp/hard/crtn.o
                0x0000000020000000                RAM_START = 0x20000000
                0x0000000000008000                RAM_LENGTH = 0x8000
                0x0000000000000000                FLASH_START = 0x0
                0x0000000000040000                FLASH_LENGTH = 0x40000
                0x0000000040100000                DATA_FLASH_START = 0x40100000
                0x0000000000002000                DATA_FLASH_LENGTH = 0x2000
                0x0000000000000000                OPTION_SETTING_START = 0x0
                0x0000000000000000                OPTION_SETTING_LENGTH = 0x0
                0x0000000000000000                OPTION_SETTING_S_START = 0x0
                0x0000000000000000                OPTION_SETTING_S_LENGTH = 0x0
                0x0000000001010018                ID_CODE_START = 0x1010018
                0x0000000000000020                ID_CODE_LENGTH = 0x20
                0x0000000090000000                SDRAM_START = 0x90000000
                0x0000000000000000                SDRAM_LENGTH = 0x0
                0x0000000060000000                QSPI_FLASH_START = 0x60000000
                0x0000000000000000                QSPI_FLASH_LENGTH = 0x0
                0x0000000068000000                OSPI_DEVICE_0_START = 0x68000000
                0x0000000000000000                OSPI_DEVICE_0_LENGTH = 0x0
                0x0000000070000000                OSPI_DEVICE_1_START = 0x70000000
                0x0000000000000000                OSPI_DEVICE_1_LENGTH = 0x0
                0x0000000000004000                FLASH_IMAGE_START = 0x4000
                0x0000000000000100                VECTOR_TABLE_LENGTH = 0x100
                0x0000000000000400                BSP_CFG_STACK_MAIN_BYTES = 0x400
START GROUP
LOAD /Users/adam/.platformio/packages/toolchain-gccarmnoneeabi/bin/../lib/gcc/arm-none-eabi/7.2.1/thumb/v7e-m/fpv4-sp/hard/libgcc.a
LOAD /Users/adam/.platformio/packages/toolchain-gccarmnoneeabi/bin/../lib/gcc/arm-none-eabi/7.2.1/../../../../arm-none-eabi/lib/thumb/v7e-m/fpv4-sp/hard/libc.a
LOAD /Users/adam/.platformio/packages/toolchain-gccarmnoneeabi/bin/../lib/gcc/arm-none-eabi/7.2.1/../../../../arm-none-eabi/lib/thumb/v7e-m/fpv4-sp/hard/libm.a
LOAD /Users/adam/.platformio/packages/toolchain-gccarmnoneeabi/bin/../lib/gcc/arm-none-eabi/7.2.1/../../../../arm-none-eabi/lib/thumb/v7e-m/fpv4-sp/hard/libnosys.a
END GROUP

.text           0x0000000000004000     0x9fdc
                0x0000000000000000                __tz_FLASH_S = ABSOLUTE (FLASH_START)
                0x0000000000004000                __ROM_Start = .
 *(.sketch_boot)
                0x0000000000004000                . = ALIGN (0x800)
 *(.fixed_vectors*)
 .fixed_vectors
                0x0000000000004000       0x40 /Users/adam/.platformio/packages/framework-arduinorenesas-uno/variants/MINIMA/libs/libfsp.a(startup.o)
                0x0000000000004000                __Vectors
 *(.application_vectors*)
 .application_vectors
                0x0000000000004040       0x80 .pio/build/uno_r4_minima/libFrameworkArduino.a(vector_table.c.o)
                0x0000000000004040                g_vector_table
                0x00000000000040c0                __Vectors_End = .
 *(.text*)
 .text          0x00000000000040c0       0x40 /Users/adam/.platformio/packages/toolchain-gccarmnoneeabi/bin/../lib/gcc/arm-none-eabi/7.2.1/thumb/v7e-m/fpv4-sp/hard/crtbegin.o
 .text._ZNK7arduino6String9substringEj
                0x0000000000004100        0xe .pio/build/uno_r4_minima/src/walkingLizzard.ino.cpp.o
                0x0000000000004100                arduino::String::substring(unsigned int) const
 *fill*         0x000000000000410e        0x2 ff
 .text._Z8slowMoveii
                0x0000000000004110       0x84 .pio/build/uno_r4_minima/src/walkingLizzard.ino.cpp.o
                0x0000000000004110                slowMove(int, int)
 .text._Z11printStatusv
                0x0000000000004194       0xb4 .pio/build/uno_r4_minima/src/walkingLizzard.ino.cpp.o
                0x0000000000004194                printStatus()
 .text._Z9printHelpv
                0x0000000000004248       0x9c .pio/build/uno_r4_minima/src/walkingLizzard.ino.cpp.o
                0x0000000000004248                printHelp()
 .text.startup._GLOBAL__sub_I_NAMES
                0x00000000000042e4       0x18 .pio/build/uno_r4_minima/src/walkingLizzard.ino.cpp.o
 .text.setup    0x00000000000042fc       0x7c .pio/build/uno_r4_minima/src/walkingLizzard.ino.cpp.o
                0x00000000000042fc                setup
 .text.loop     0x0000000000004378      0x3ec .pio/build/uno_r4_minima/src/walkingLizzard.ino.cpp.o
                0x0000000000004378                loop
 .text._ZL17servo_timer_startv
                0x0000000000004764       0x28 .pio/build/uno_r4_minima/lib6fa/libServo.a(Servo.cpp.o)
 .text._Z20servo_timer_callbackP22st_timer_callback_args
                0x000000000000478c       0xe8 .pio/build/uno_r4_minima/lib6fa/libServo.a(Servo.cpp.o)
                0x000000000000478c                servo_timer_callback(st_timer_callback_args*)
 .text._ZN5ServoC2Ev
                0x0000000000004874        0x6 .pio/build/uno_r4_minima/lib6fa/libServo.a(Servo.cpp.o)
                0x0000000000004874                Servo::Servo()
                0x0000000000004874                Servo::Servo()
 *fill*         0x000000000000487a        0x2 ff
 .text._ZN5Servo6detachEv
                0x000000000000487c       0x68 .pio/build/uno_r4_minima/lib6fa/libServo.a(Servo.cpp.o)
                0x000000000000487c                Servo::detach()
 .text._ZN5Servo17writeMicrosecondsEi
                0x00000000000048e4       0x58 .pio/build/uno_r4_minima/lib6fa/libServo.a(Servo.cpp.o)
                0x00000000000048e4                Servo::writeMicroseconds(int)
 .text._ZN5Servo6attachEiii
                0x000000000000493c      0x160 .pio/build/uno_r4_minima/lib6fa/libServo.a(Servo.cpp.o)
                0x000000000000493c                Servo::attach(int, int, int)
 .text._ZN5Servo5writeEi
                0x0000000000004a9c       0x44 .pio/build/uno_r4_minima/lib6fa/libServo.a(Servo.cpp.o)
                0x0000000000004a9c                Servo::write(int)
 .text.startup._GLOBAL__sub_I__Z20servo_timer_callbackP22st_timer_callback_args
                0x0000000000004ae0        0xc .pio/build/uno_r4_minima/lib6fa/libServo.a(Servo.cpp.o)
 .text.exit._GLOBAL__sub_D__Z20servo_timer_callbackP22st_timer_callback_args
                0x0000000000004aec        0xc .pio/build/uno_r4_minima/lib6fa/libServo.a(Servo.cpp.o)
 .text.startup.main
                0x0000000000004af8        0xa .pio/build/uno_r4_minima/libFrameworkArduinoVariant.a(main.c.o)
                0x0000000000004af8                main
 .text.PINCOUNT_fn
                0x0000000000004b02        0x4 .pio/build/uno_r4_minima/libFrameworkArduinoVariant.a(variant.cpp.o)
                0x0000000000004b02                PINCOUNT_fn
 *fill*         0x0000000000004b06        0x2 ff
 .text._Z23usb_post_initializationv
                0x0000000000004b08       0x14 .pio/build/uno_r4_minima/libFrameworkArduinoVariant.a(variant.cpp.o)
                0x0000000000004b08                usb_post_initialization()
 .text.initVariant
                0x0000000000004b1c       0x98 .pio/build/uno_r4_minima/libFrameworkArduinoVariant.a(variant.cpp.o)
                0x0000000000004b1c                initVariant
 .text.R_FSP_SystemClockHzGet
                0x0000000000004bb4       0x24 .pio/build/uno_r4_minima/libFrameworkArduino.a(FspTimer.cpp.o)
 .text._ZN8FspTimer17set_period_countsEhfm.part.2
                0x0000000000004bd8      0x158 .pio/build/uno_r4_minima/libFrameworkArduino.a(FspTimer.cpp.o)
 .text._ZN8FspTimerC2Ev
                0x0000000000004d30       0x18 .pio/build/uno_r4_minima/libFrameworkArduino.a(FspTimer.cpp.o)
                0x0000000000004d30                FspTimer::FspTimer()
                0x0000000000004d30                FspTimer::FspTimer()
 .text._ZN8FspTimer5beginE12e_timer_modehhmm18e_timer_source_divPFvP22st_timer_callback_argsEPv
                0x0000000000004d48      0x16c .pio/build/uno_r4_minima/libFrameworkArduino.a(FspTimer.cpp.o)
                0x0000000000004d48                FspTimer::begin(e_timer_mode, unsigned char, unsigned char, unsigned long, unsigned long, e_timer_source_div, void (*)(st_timer_callback_args*), void*)
 .text._ZN8FspTimer19get_available_timerERhb
                0x0000000000004eb4       0x74 .pio/build/uno_r4_minima/libFrameworkArduino.a(FspTimer.cpp.o)
                0x0000000000004eb4                FspTimer::get_available_timer(unsigned char&, bool)
 .text._ZN8FspTimer17set_period_countsEhfm
                0x0000000000004f28       0xd8 .pio/build/uno_r4_minima/libFrameworkArduino.a(FspTimer.cpp.o)
                0x0000000000004f28                FspTimer::set_period_counts(unsigned char, float, unsigned long)
 .text._ZN8FspTimer5beginE12e_timer_modehhffPFvP22st_timer_callback_argsEPv
                0x0000000000005000       0xb8 .pio/build/uno_r4_minima/libFrameworkArduino.a(FspTimer.cpp.o)
                0x0000000000005000                FspTimer::begin(e_timer_mode, unsigned char, unsigned char, float, float, void (*)(st_timer_callback_args*), void*)
 .text._ZN8FspTimer14get_period_rawEv
                0x00000000000050b8       0x2c .pio/build/uno_r4_minima/libFrameworkArduino.a(FspTimer.cpp.o)
                0x00000000000050b8                FspTimer::get_period_raw()
 .text._ZN8FspTimer10set_periodEm
                0x00000000000050e4       0x3e .pio/build/uno_r4_minima/libFrameworkArduino.a(FspTimer.cpp.o)
                0x00000000000050e4                FspTimer::set_period(unsigned long)
 .text._ZN8FspTimer17set_period_bufferEb
                0x0000000000005122       0x58 .pio/build/uno_r4_minima/libFrameworkArduino.a(FspTimer.cpp.o)
                0x0000000000005122                FspTimer::set_period_buffer(bool)
 .text._ZN8FspTimer4openEv
                0x000000000000517a       0x4e .pio/build/uno_r4_minima/libFrameworkArduino.a(FspTimer.cpp.o)
                0x000000000000517a                FspTimer::open()
 .text._ZN8FspTimer4stopEv
                0x00000000000051c8       0x2e .pio/build/uno_r4_minima/libFrameworkArduino.a(FspTimer.cpp.o)
                0x00000000000051c8                FspTimer::stop()
 .text._ZN8FspTimer5startEv
                0x00000000000051f6       0x2e .pio/build/uno_r4_minima/libFrameworkArduino.a(FspTimer.cpp.o)
                0x00000000000051f6                FspTimer::start()
 .text._ZN8FspTimer5closeEv
                0x0000000000005224       0x2e .pio/build/uno_r4_minima/libFrameworkArduino.a(FspTimer.cpp.o)
                0x0000000000005224                FspTimer::close()
 *fill*         0x0000000000005252        0x2 ff
 .text._ZN8FspTimer3endEv
                0x0000000000005254       0x48 .pio/build/uno_r4_minima/libFrameworkArduino.a(FspTimer.cpp.o)
                0x0000000000005254                FspTimer::end()
 .text._ZN8FspTimerD2Ev
                0x000000000000529c        0xc .pio/build/uno_r4_minima/libFrameworkArduino.a(FspTimer.cpp.o)
                0x000000000000529c                FspTimer::~FspTimer()
                0x000000000000529c                FspTimer::~FspTimer()
 .text._ZN8FspTimer15get_cfg_for_irqEv
                0x00000000000052a8       0x14 .pio/build/uno_r4_minima/libFrameworkArduino.a(FspTimer.cpp.o)
                0x00000000000052a8                FspTimer::get_cfg_for_irq()
 .text._ZN8FspTimer9is_openedEv
                0x00000000000052bc       0x18 .pio/build/uno_r4_minima/libFrameworkArduino.a(FspTimer.cpp.o)
                0x00000000000052bc                FspTimer::is_opened()
 .text._ZN8FspTimer18setup_overflow_irqEhPFvvE
                0x00000000000052d4       0x4e .pio/build/uno_r4_minima/libFrameworkArduino.a(FspTimer.cpp.o)
                0x00000000000052d4                FspTimer::setup_overflow_irq(unsigned char, void (*)())
 *fill*         0x0000000000005322        0x2 ff
 .text.__NVIC_SetPriority
                0x0000000000005324       0x28 .pio/build/uno_r4_minima/libFrameworkArduino.a(IRQManager.cpp.o)
 .text.R_BSP_IrqEnable
                0x000000000000534c       0x34 .pio/build/uno_r4_minima/libFrameworkArduino.a(IRQManager.cpp.o)
 .text.R_BSP_IrqDisable
                0x0000000000005380       0x24 .pio/build/uno_r4_minima/libFrameworkArduino.a(IRQManager.cpp.o)
 .text.__tcf_0  0x00000000000053a4        0x2 .pio/build/uno_r4_minima/libFrameworkArduino.a(IRQManager.cpp.o)
 *fill*         0x00000000000053a6        0x2 ff
 .text._ZN10IRQManager11getInstanceEv
                0x00000000000053a8       0x38 .pio/build/uno_r4_minima/libFrameworkArduino.a(IRQManager.cpp.o)
                0x00000000000053a8                IRQManager::getInstance()
 .text._ZN10IRQManager18set_ext_link_eventEii
                0x00000000000053e0       0xc8 .pio/build/uno_r4_minima/libFrameworkArduino.a(IRQManager.cpp.o)
                0x00000000000053e0                IRQManager::set_ext_link_event(int, int)
 .text._ZN10IRQManager23set_gpt_over_link_eventEii
                0x00000000000054a8       0x70 .pio/build/uno_r4_minima/libFrameworkArduino.a(IRQManager.cpp.o)
                0x00000000000054a8                IRQManager::set_gpt_over_link_event(int, int)
 .text._ZN10IRQManager18set_agt_link_eventEii
                0x0000000000005518       0x28 .pio/build/uno_r4_minima/libFrameworkArduino.a(IRQManager.cpp.o)
                0x0000000000005518                IRQManager::set_agt_link_event(int, int)
 .text._ZN10IRQManager16addTimerOverflowER5timerPFvvE
                0x0000000000005540       0x80 .pio/build/uno_r4_minima/libFrameworkArduino.a(IRQManager.cpp.o)
                0x0000000000005540                IRQManager::addTimerOverflow(timer&, void (*)())
 .text._ZN10IRQManager21set_iic_tx_link_eventEii
                0x00000000000055c0       0x20 .pio/build/uno_r4_minima/libFrameworkArduino.a(IRQManager.cpp.o)
                0x00000000000055c0                IRQManager::set_iic_tx_link_event(int, int)
 .text._ZN10IRQManager21set_iic_rx_link_eventEii
                0x00000000000055e0       0x20 .pio/build/uno_r4_minima/libFrameworkArduino.a(IRQManager.cpp.o)
                0x00000000000055e0                IRQManager::set_iic_rx_link_event(int, int)
 .text._ZN10IRQManager22set_iic_tei_link_eventEii
                0x0000000000005600       0x20 .pio/build/uno_r4_minima/libFrameworkArduino.a(IRQManager.cpp.o)
                0x0000000000005600                IRQManager::set_iic_tei_link_event(int, int)
 .text._ZN10IRQManager22set_iic_eri_link_eventEii
                0x0000000000005620       0x20 .pio/build/uno_r4_minima/libFrameworkArduino.a(IRQManager.cpp.o)
                0x0000000000005620                IRQManager::set_iic_eri_link_event(int, int)
 .text._ZN10IRQManager21set_sci_tx_link_eventEii
                0x0000000000005640       0x38 .pio/build/uno_r4_minima/libFrameworkArduino.a(IRQManager.cpp.o)
                0x0000000000005640                IRQManager::set_sci_tx_link_event(int, int)
 .text._ZN10IRQManager21set_sci_rx_link_eventEii
                0x0000000000005678       0x38 .pio/build/uno_r4_minima/libFrameworkArduino.a(IRQManager.cpp.o)
                0x0000000000005678                IRQManager::set_sci_rx_link_event(int, int)
 .text._ZN10IRQManager22set_sci_tei_link_eventEii
                0x00000000000056b0       0x38 .pio/build/uno_r4_minima/libFrameworkArduino.a(IRQManager.cpp.o)
                0x00000000000056b0                IRQManager::set_sci_tei_link_event(int, int)
 .text._ZN10IRQManager22set_sci_eri_link_eventEii
                0x00000000000056e8       0x38 .pio/build/uno_r4_minima/libFrameworkArduino.a(IRQManager.cpp.o)
                0x00000000000056e8                IRQManager::set_sci_eri_link_event(int, int)
 .text._ZN10IRQManager21set_spi_tx_link_eventEii
                0x0000000000005720       0x20 .pio/build/uno_r4_minima/libFrameworkArduino.a(IRQManager.cpp.o)
                0x0000000000005720                IRQManager::set_spi_tx_link_event(int, int)
 .text._ZN10IRQManager21set_spi_rx_link_eventEii
                0x0000000000005740       0x20 .pio/build/uno_r4_minima/libFrameworkArduino.a(IRQManager.cpp.o)
                0x0000000000005740                IRQManager::set_spi_rx_link_event(int, int)
 .text._ZN10IRQManager22set_spi_tei_link_eventEii
                0x0000000000005760       0x20 .pio/build/uno_r4_minima/libFrameworkArduino.a(IRQManager.cpp.o)
                0x0000000000005760                IRQManager::set_spi_tei_link_event(int, int)
 .text._ZN10IRQManager22set_spi_eri_link_eventEii
                0x0000000000005780       0x20 .pio/build/uno_r4_minima/libFrameworkArduino.a(IRQManager.cpp.o)
                0x0000000000005780                IRQManager::set_spi_eri_link_event(int, int)
 .text._ZN10IRQManager13addPeripheralE12Peripheral_tPv
                0x00000000000057a0      0x904 .pio/build/uno_r4_minima/libFrameworkArduino.a(IRQManager.cpp.o)
                0x00000000000057a0                IRQManager::addPeripheral(Peripheral_t, void*)
 .text._ZL13readAllGroupAP13ADC_Container
                0x00000000000060a4       0x2c .pio/build/uno_r4_minima/libFrameworkArduino.a(analog.cpp.o)
 .text._ZL11ADC_irq_cbkP20st_adc_callback_args
                0x00000000000060d0       0x58 .pio/build/uno_r4_minima/libFrameworkArduino.a(analog.cpp.o)
 .text._ZL10adcConvertP13ADC_Containert
                0x0000000000006128       0xa4 .pio/build/uno_r4_minima/libFrameworkArduino.a(analog.cpp.o)
 .text._ZL21get_ADC_container_ptrlRt.constprop.4
                0x00000000000061cc       0x38 .pio/build/uno_r4_minima/libFrameworkArduino.a(analog.cpp.o)
 .text._ZN13ADC_ContainerC2EhPFvP20st_adc_callback_argsEPv
                0x0000000000006204       0x6e .pio/build/uno_r4_minima/libFrameworkArduino.a(analog.cpp.o)
                0x0000000000006204                ADC_Container::ADC_Container(unsigned char, void (*)(st_adc_callback_args*), void*)
                0x0000000000006204                ADC_Container::ADC_Container(unsigned char, void (*)(st_adc_callback_args*), void*)
 .text._ZN13ADC_ContainerD2Ev
                0x0000000000006272       0x12 .pio/build/uno_r4_minima/libFrameworkArduino.a(analog.cpp.o)
                0x0000000000006272                ADC_Container::~ADC_Container()
                0x0000000000006272                ADC_Container::~ADC_Container()
 .text.analogRead
                0x0000000000006284       0x3c .pio/build/uno_r4_minima/libFrameworkArduino.a(analog.cpp.o)
                0x0000000000006284                analogRead
 .text.analogReference
                0x00000000000062c0       0x5c .pio/build/uno_r4_minima/libFrameworkArduino.a(analog.cpp.o)
                0x00000000000062c0                analogReference
 *fill*         0x000000000000631c        0x4 ff
 .text._Z15analogReferencev
                0x0000000000006320      0x10c .pio/build/uno_r4_minima/libFrameworkArduino.a(analog.cpp.o)
                0x0000000000006320                analogReference()
 .text._Z23__get_timer_for_channeli
                0x000000000000642c       0x2c .pio/build/uno_r4_minima/libFrameworkArduino.a(analog.cpp.o)
                0x000000000000642c                __get_timer_for_channel(int)
 .text.startup._GLOBAL__sub_I__ZN13ADC_ContainerC2EhPFvP20st_adc_callback_argsEPv
                0x0000000000006458       0x4c .pio/build/uno_r4_minima/libFrameworkArduino.a(analog.cpp.o)
 .text.exit._GLOBAL__sub_D__ZN13ADC_ContainerC2EhPFvP20st_adc_callback_argsEPv
                0x00000000000064a4       0x1c .pio/build/uno_r4_minima/libFrameworkArduino.a(analog.cpp.o)
 .text._Z3maplllll
                0x00000000000064c0       0x14 .pio/build/uno_r4_minima/libFrameworkArduino.a(Common.cpp.o)
                0x00000000000064c0                map(long, long, long, long, long)
 .text._ZN7arduino5Print5writeEPKc.part.2
                0x00000000000064d4       0x1e .pio/build/uno_r4_minima/libFrameworkArduino.a(Print.cpp.o)
 .text._ZN7arduino5Print5writeEPKc
                0x00000000000064f2        0xa .pio/build/uno_r4_minima/libFrameworkArduino.a(Print.cpp.o)
                0x00000000000064f2                arduino::Print::write(char const*)
 .text._ZN7arduino5Print5printEPKc
                0x00000000000064fc        0x8 .pio/build/uno_r4_minima/libFrameworkArduino.a(Print.cpp.o)
                0x00000000000064fc                arduino::Print::print(char const*)
 .text._ZN7arduino5Print5printEc
                0x0000000000006504        0x8 .pio/build/uno_r4_minima/libFrameworkArduino.a(Print.cpp.o)
                0x0000000000006504                arduino::Print::print(char)
 .text._ZN7arduino5Print7printlnEv
                0x000000000000650c        0xc .pio/build/uno_r4_minima/libFrameworkArduino.a(Print.cpp.o)
                0x000000000000650c                arduino::Print::println()
 .text._ZN7arduino5Print7printlnEPKc
                0x0000000000006518       0x14 .pio/build/uno_r4_minima/libFrameworkArduino.a(Print.cpp.o)
                0x0000000000006518                arduino::Print::println(char const*)
 .text._ZN7arduino5Print11printNumberEmh
                0x000000000000652c       0x3c .pio/build/uno_r4_minima/libFrameworkArduino.a(Print.cpp.o)
                0x000000000000652c                arduino::Print::printNumber(unsigned long, unsigned char)
 .text._ZN7arduino5Print5printEli
                0x0000000000006568       0x44 .pio/build/uno_r4_minima/libFrameworkArduino.a(Print.cpp.o)
                0x0000000000006568                arduino::Print::print(long, int)
 .text._ZN7arduino5Print5printEii
                0x00000000000065ac        0x4 .pio/build/uno_r4_minima/libFrameworkArduino.a(Print.cpp.o)
                0x00000000000065ac                arduino::Print::print(int, int)
 .text._ZN7arduino5Print7printlnEii
                0x00000000000065b0       0x14 .pio/build/uno_r4_minima/libFrameworkArduino.a(Print.cpp.o)
                0x00000000000065b0                arduino::Print::println(int, int)
 .text._ZN7arduino6Stream9timedReadEv
                0x00000000000065c4       0x2a .pio/build/uno_r4_minima/libFrameworkArduino.a(Stream.cpp.o)
                0x00000000000065c4                arduino::Stream::timedRead()
 *fill*         0x00000000000065ee        0x2 ff
 .text._ZN7arduino6Stream15readStringUntilEc
                0x00000000000065f0       0x30 .pio/build/uno_r4_minima/libFrameworkArduino.a(Stream.cpp.o)
                0x00000000000065f0                arduino::Stream::readStringUntil(char)
 .text._ZN7arduino6StringD2Ev
                0x0000000000006620       0x10 .pio/build/uno_r4_minima/libFrameworkArduino.a(String.cpp.o)
                0x0000000000006620                arduino::String::~String()
                0x0000000000006620                arduino::String::~String()
 .text._ZN7arduino6String10invalidateEv
                0x0000000000006630       0x16 .pio/build/uno_r4_minima/libFrameworkArduino.a(String.cpp.o)
                0x0000000000006630                arduino::String::invalidate()
 .text._ZN7arduino6String12changeBufferEj
                0x0000000000006646       0x18 .pio/build/uno_r4_minima/libFrameworkArduino.a(String.cpp.o)
                0x0000000000006646                arduino::String::changeBuffer(unsigned int)
 .text._ZN7arduino6String7reserveEj
                0x000000000000665e       0x28 .pio/build/uno_r4_minima/libFrameworkArduino.a(String.cpp.o)
                0x000000000000665e                arduino::String::reserve(unsigned int)
 .text._ZN7arduino6String4copyEPKcj
                0x0000000000006686       0x30 .pio/build/uno_r4_minima/libFrameworkArduino.a(String.cpp.o)
                0x0000000000006686                arduino::String::copy(char const*, unsigned int)
 .text._ZN7arduino6StringC2EPKc
                0x00000000000066b6       0x24 .pio/build/uno_r4_minima/libFrameworkArduino.a(String.cpp.o)
                0x00000000000066b6                arduino::String::String(char const*)
                0x00000000000066b6                arduino::String::String(char const*)
 .text._ZN7arduino6String6concatEPKcj
                0x00000000000066da       0x42 .pio/build/uno_r4_minima/libFrameworkArduino.a(String.cpp.o)
                0x00000000000066da                arduino::String::concat(char const*, unsigned int)
 .text._ZN7arduino6String6concatEc
                0x000000000000671c       0x16 .pio/build/uno_r4_minima/libFrameworkArduino.a(String.cpp.o)
                0x000000000000671c                arduino::String::concat(char)
 .text._ZNK7arduino6String6equalsEPKc
                0x0000000000006732       0x28 .pio/build/uno_r4_minima/libFrameworkArduino.a(String.cpp.o)
                0x0000000000006732                arduino::String::equals(char const*) const
 .text._ZNK7arduino6String10startsWithERKS0_j
                0x000000000000675a       0x2c .pio/build/uno_r4_minima/libFrameworkArduino.a(String.cpp.o)
                0x000000000000675a                arduino::String::startsWith(arduino::String const&, unsigned int) const
 .text._ZNK7arduino6String10startsWithERKS0_
                0x0000000000006786       0x12 .pio/build/uno_r4_minima/libFrameworkArduino.a(String.cpp.o)
                0x0000000000006786                arduino::String::startsWith(arduino::String const&) const
 .text._ZNK7arduino6String7indexOfEcj
                0x0000000000006798       0x22 .pio/build/uno_r4_minima/libFrameworkArduino.a(String.cpp.o)
                0x0000000000006798                arduino::String::indexOf(char, unsigned int) const
 .text._ZNK7arduino6String7indexOfEc
                0x00000000000067ba        0x6 .pio/build/uno_r4_minima/libFrameworkArduino.a(String.cpp.o)
                0x00000000000067ba                arduino::String::indexOf(char) const
 .text._ZNK7arduino6String9substringEjj
                0x00000000000067c0       0x40 .pio/build/uno_r4_minima/libFrameworkArduino.a(String.cpp.o)
                0x00000000000067c0                arduino::String::substring(unsigned int, unsigned int) const
 .text._ZN7arduino6String4trimEv
                0x0000000000006800       0x52 .pio/build/uno_r4_minima/libFrameworkArduino.a(String.cpp.o)
                0x0000000000006800                arduino::String::trim()
 .text._ZNK7arduino6String5toIntEv
                0x0000000000006852        0xa .pio/build/uno_r4_minima/libFrameworkArduino.a(String.cpp.o)
                0x0000000000006852                arduino::String::toInt() const
 .text._ZN4CDacC2Eh
                0x000000000000685c       0x6c .pio/build/uno_r4_minima/libFrameworkArduino.a(dac.cpp.o)
                0x000000000000685c                CDac::CDac(unsigned char)
                0x000000000000685c                CDac::CDac(unsigned char)
 .text.startup._GLOBAL__sub_I__ZN4CDacC2Eh
                0x00000000000068c8        0xc .pio/build/uno_r4_minima/libFrameworkArduino.a(dac.cpp.o)
 .text.pinMode  0x00000000000068d4       0x30 .pio/build/uno_r4_minima/libFrameworkArduino.a(digital.cpp.o)
                0x00000000000068d4                pinMode
 .text.digitalWrite
                0x0000000000006904       0x18 .pio/build/uno_r4_minima/libFrameworkArduino.a(digital.cpp.o)
                0x0000000000006904                digitalWrite
 .text.R_BSP_PinAccessEnable
                0x000000000000691c       0x2c .pio/build/uno_r4_minima/libFrameworkArduino.a(main.cpp.o)
 .text.start_freertos_on_header_inclusion
                0x0000000000006948        0x2 .pio/build/uno_r4_minima/libFrameworkArduino.a(main.cpp.o)
                0x0000000000006948                start_freertos_on_header_inclusion
 .text.early_start_freertos_on_header_inclusion
                0x000000000000694a        0x2 .pio/build/uno_r4_minima/libFrameworkArduino.a(main.cpp.o)
                0x000000000000694a                early_start_freertos_on_header_inclusion
 .text.atexit   0x000000000000694c        0x4 .pio/build/uno_r4_minima/libFrameworkArduino.a(main.cpp.o)
                0x000000000000694c                atexit
 .text._Z12arduino_mainv
                0x0000000000006950       0x84 .pio/build/uno_r4_minima/libFrameworkArduino.a(main.cpp.o)
                0x0000000000006950                arduino_main()
 .text.hal_entry
                0x00000000000069d4        0x6 .pio/build/uno_r4_minima/libFrameworkArduino.a(main.cpp.o)
                0x00000000000069d4                hal_entry
 *fill*         0x00000000000069da        0x2 ff
 .text._Z13pinPeripheral19e_bsp_io_port_pin_tm
                0x00000000000069dc       0x10 .pio/build/uno_r4_minima/libFrameworkArduino.a(pinDefinitions.cpp.o)
                0x00000000000069dc                pinPeripheral(e_bsp_io_port_pin_t, unsigned long)
 .text._ZL21timer_micros_callbackP22st_timer_callback_args
                0x00000000000069ec       0x10 .pio/build/uno_r4_minima/libFrameworkArduino.a(time.cpp.o)
 .text.delayMicroseconds
                0x00000000000069fc        0x6 .pio/build/uno_r4_minima/libFrameworkArduino.a(time.cpp.o)
                0x00000000000069fc                delayMicroseconds
 .text.yield    0x0000000000006a02        0x2 .pio/build/uno_r4_minima/libFrameworkArduino.a(time.cpp.o)
                0x0000000000006a02                yield
 .text.delay    0x0000000000006a04       0x1c .pio/build/uno_r4_minima/libFrameworkArduino.a(time.cpp.o)
                0x0000000000006a04                delay
 .text._Z8startAgtv
                0x0000000000006a20       0x6c .pio/build/uno_r4_minima/libFrameworkArduino.a(time.cpp.o)
                0x0000000000006a20                startAgt()
 .text.millis   0x0000000000006a8c        0xc .pio/build/uno_r4_minima/libFrameworkArduino.a(time.cpp.o)
                0x0000000000006a8c                millis
 .text.startup._GLOBAL__sub_I_delayMicroseconds
                0x0000000000006a98        0xc .pio/build/uno_r4_minima/libFrameworkArduino.a(time.cpp.o)
 .text.exit._GLOBAL__sub_D_delayMicroseconds
                0x0000000000006aa4        0xc .pio/build/uno_r4_minima/libFrameworkArduino.a(time.cpp.o)
 .text._ZN10_SerialUSB5beginEmt
                0x0000000000006ab0        0x6 .pio/build/uno_r4_minima/libFrameworkArduino.a(SerialUSB.cpp.o)
                0x0000000000006ab0                _SerialUSB::begin(unsigned long, unsigned short)
 .text._ZN10_SerialUSB5beginEm
                0x0000000000006ab6        0xa .pio/build/uno_r4_minima/libFrameworkArduino.a(SerialUSB.cpp.o)
                0x0000000000006ab6                _SerialUSB::begin(unsigned long)
 .text._ZN10_SerialUSB3endEv
                0x0000000000006ac0        0x2 .pio/build/uno_r4_minima/libFrameworkArduino.a(SerialUSB.cpp.o)
                0x0000000000006ac0                _SerialUSB::end()
 .text._ZN10_SerialUSB5writeEh
                0x0000000000006ac2       0x16 .pio/build/uno_r4_minima/libFrameworkArduino.a(SerialUSB.cpp.o)
                0x0000000000006ac2                _SerialUSB::write(unsigned char)
 .text._ZN10_SerialUSB9availableEv
                0x0000000000006ad8        0xc .pio/build/uno_r4_minima/libFrameworkArduino.a(SerialUSB.cpp.o)
                0x0000000000006ad8                _SerialUSB::available()
 .text._ZN10_SerialUSB17availableForWriteEv
                0x0000000000006ae4        0xc .pio/build/uno_r4_minima/libFrameworkArduino.a(SerialUSB.cpp.o)
                0x0000000000006ae4                _SerialUSB::availableForWrite()
 .text._ZN10_SerialUSB5flushEv
                0x0000000000006af0        0xc .pio/build/uno_r4_minima/libFrameworkArduino.a(SerialUSB.cpp.o)
                0x0000000000006af0                _SerialUSB::flush()
 .text._ZN10_SerialUSB4peekEv
                0x0000000000006afc       0x22 .pio/build/uno_r4_minima/libFrameworkArduino.a(SerialUSB.cpp.o)
                0x0000000000006afc                _SerialUSB::peek()
 .text._Z18__USBInstallSerialv
                0x0000000000006b1e        0x2 .pio/build/uno_r4_minima/libFrameworkArduino.a(SerialUSB.cpp.o)
                0x0000000000006b1e                __USBInstallSerial()
 .text._ZN10_SerialUSB9connectedEv
                0x0000000000006b20       0x10 .pio/build/uno_r4_minima/libFrameworkArduino.a(SerialUSB.cpp.o)
                0x0000000000006b20                _SerialUSB::connected()
 .text._ZN10_SerialUSB4readEv
                0x0000000000006b30       0x38 .pio/build/uno_r4_minima/libFrameworkArduino.a(SerialUSB.cpp.o)
                0x0000000000006b30                _SerialUSB::read()
 .text._ZN10_SerialUSB5writeEPKhj
                0x0000000000006b68       0x62 .pio/build/uno_r4_minima/libFrameworkArduino.a(SerialUSB.cpp.o)
                0x0000000000006b68                _SerialUSB::write(unsigned char const*, unsigned int)
 *fill*         0x0000000000006bca        0x2 ff
 .text._ZN10_SerialUSBcvbEv
                0x0000000000006bcc       0x3c .pio/build/uno_r4_minima/libFrameworkArduino.a(SerialUSB.cpp.o)
                0x0000000000006bcc                _SerialUSB::operator bool()
 .text.tud_dfu_runtime_reboot_to_dfu_cb
                0x0000000000006c08       0x6c .pio/build/uno_r4_minima/libFrameworkArduino.a(SerialUSB.cpp.o)
                0x0000000000006c08                tud_dfu_runtime_reboot_to_dfu_cb
 .text.tud_cdc_line_state_cb
                0x0000000000006c74       0x28 .pio/build/uno_r4_minima/libFrameworkArduino.a(SerialUSB.cpp.o)
                0x0000000000006c74                tud_cdc_line_state_cb
 .text.tud_cdc_line_coding_cb
                0x0000000000006c9c       0x40 .pio/build/uno_r4_minima/libFrameworkArduino.a(SerialUSB.cpp.o)
                0x0000000000006c9c                tud_cdc_line_coding_cb
 .text.startup._GLOBAL__sub_I__ZN10_SerialUSB5beginEm
                0x0000000000006cdc       0x20 .pio/build/uno_r4_minima/libFrameworkArduino.a(SerialUSB.cpp.o)
 .text._ZL5utox8mPc
                0x0000000000006cfc       0x22 .pio/build/uno_r4_minima/libFrameworkArduino.a(USB.cpp.o)
 *fill*         0x0000000000006d1e        0x2 ff
 .text._Z24_usbfs_interrupt_handlerv
                0x0000000000006d20       0x34 .pio/build/uno_r4_minima/libFrameworkArduino.a(USB.cpp.o)
                0x0000000000006d20                _usbfs_interrupt_handler()
 .text.tud_descriptor_device_cb
                0x0000000000006d54       0x10 .pio/build/uno_r4_minima/libFrameworkArduino.a(USB.cpp.o)
                0x0000000000006d54                tud_descriptor_device_cb
 .text.tud_hid_descriptor_report_cb
                0x0000000000006d64       0x1c .pio/build/uno_r4_minima/libFrameworkArduino.a(USB.cpp.o)
                0x0000000000006d64                tud_hid_descriptor_report_cb
 .text.tud_descriptor_configuration_cb
                0x0000000000006d80        0xc .pio/build/uno_r4_minima/libFrameworkArduino.a(USB.cpp.o)
                0x0000000000006d80                tud_descriptor_configuration_cb
 .text._Z20__SetupUSBDescriptorv
                0x0000000000006d8c      0x270 .pio/build/uno_r4_minima/libFrameworkArduino.a(USB.cpp.o)
                0x0000000000006d8c                __SetupUSBDescriptor()
 .text.tud_descriptor_string_cb
                0x0000000000006ffc       0x94 .pio/build/uno_r4_minima/libFrameworkArduino.a(USB.cpp.o)
                0x0000000000006ffc                tud_descriptor_string_cb
 .text._Z17configure_usb_muxv
                0x0000000000007090        0x2 .pio/build/uno_r4_minima/libFrameworkArduino.a(USB.cpp.o)
                0x0000000000007090                configure_usb_mux()
 *fill*         0x0000000000007092        0x2 ff
 .text._Z10__USBStartv
                0x0000000000007094       0x84 .pio/build/uno_r4_minima/libFrameworkArduino.a(USB.cpp.o)
                0x0000000000007094                __USBStart()
 .text.tud_hid_get_report_cb
                0x0000000000007118        0x4 .pio/build/uno_r4_minima/libFrameworkArduino.a(USB.cpp.o)
                0x0000000000007118                tud_hid_get_report_cb
 .text.tud_hid_set_report_cb
                0x000000000000711c        0x2 .pio/build/uno_r4_minima/libFrameworkArduino.a(USB.cpp.o)
                0x000000000000711c                tud_hid_set_report_cb
 *fill*         0x000000000000711e        0x2 ff
 .text._Z10getPinCfgsh11PinCfgReq_t
                0x0000000000007120       0xe0 .pio/build/uno_r4_minima/libFrameworkArduino.a(variant_helper.cpp.o)
                0x0000000000007120                getPinCfgs(unsigned char, PinCfgReq_t)
 .text._Z12goBootloaderv
                0x0000000000007200       0x54 .pio/build/uno_r4_minima/libFrameworkArduino.a(boot.cpp.o)
                0x0000000000007200                goBootloader()
 .text._prep_out_transaction
                0x0000000000007254       0x42 .pio/build/uno_r4_minima/libFrameworkArduino.a(cdc_device.c.o)
 *fill*         0x0000000000007296        0x2 ff
 .text.tud_cdc_n_connected
                0x0000000000007298       0x2c .pio/build/uno_r4_minima/libFrameworkArduino.a(cdc_device.c.o)
                0x0000000000007298                tud_cdc_n_connected
 .text.tud_cdc_n_available
                0x00000000000072c4       0x18 .pio/build/uno_r4_minima/libFrameworkArduino.a(cdc_device.c.o)
                0x00000000000072c4                tud_cdc_n_available
 .text.tud_cdc_n_read
                0x00000000000072dc       0x34 .pio/build/uno_r4_minima/libFrameworkArduino.a(cdc_device.c.o)
                0x00000000000072dc                tud_cdc_n_read
 .text.tud_cdc_n_peek
                0x0000000000007310       0x14 .pio/build/uno_r4_minima/libFrameworkArduino.a(cdc_device.c.o)
                0x0000000000007310                tud_cdc_n_peek
 .text.tud_cdc_n_write_flush
                0x0000000000007324       0x88 .pio/build/uno_r4_minima/libFrameworkArduino.a(cdc_device.c.o)
                0x0000000000007324                tud_cdc_n_write_flush
 .text.tud_cdc_n_write
                0x00000000000073ac       0x40 .pio/build/uno_r4_minima/libFrameworkArduino.a(cdc_device.c.o)
                0x00000000000073ac                tud_cdc_n_write
 .text.tud_cdc_n_write_available
                0x00000000000073ec       0x18 .pio/build/uno_r4_minima/libFrameworkArduino.a(cdc_device.c.o)
                0x00000000000073ec                tud_cdc_n_write_available
 .text.cdcd_init
                0x0000000000007404       0x54 .pio/build/uno_r4_minima/libFrameworkArduino.a(cdc_device.c.o)
                0x0000000000007404                cdcd_init
 .text.cdcd_reset
                0x0000000000007458       0x30 .pio/build/uno_r4_minima/libFrameworkArduino.a(cdc_device.c.o)
                0x0000000000007458                cdcd_reset
 .text.cdcd_open
                0x0000000000007488       0xa4 .pio/build/uno_r4_minima/libFrameworkArduino.a(cdc_device.c.o)
                0x0000000000007488                cdcd_open
 .text.cdcd_control_xfer_cb
                0x000000000000752c       0xbc .pio/build/uno_r4_minima/libFrameworkArduino.a(cdc_device.c.o)
                0x000000000000752c                cdcd_control_xfer_cb
 .text.cdcd_xfer_cb
                0x00000000000075e8      0x100 .pio/build/uno_r4_minima/libFrameworkArduino.a(cdc_device.c.o)
                0x00000000000075e8                cdcd_xfer_cb
 .text.advance_index
                0x00000000000076e8       0x18 .pio/build/uno_r4_minima/libFrameworkArduino.a(tusb_fifo.c.o)
 .text._tu_fifo_peek
                0x0000000000007700       0x4a .pio/build/uno_r4_minima/libFrameworkArduino.a(tusb_fifo.c.o)
 .text._ff_pull_const_addr
                0x000000000000774a       0x3c .pio/build/uno_r4_minima/libFrameworkArduino.a(tusb_fifo.c.o)
 .text._tu_fifo_peek_n
                0x0000000000007786      0x120 .pio/build/uno_r4_minima/libFrameworkArduino.a(tusb_fifo.c.o)
 .text._ff_push_const_addr
                0x00000000000078a6       0x36 .pio/build/uno_r4_minima/libFrameworkArduino.a(tusb_fifo.c.o)
 .text._tu_fifo_write_n.part.0
                0x00000000000078dc      0x17e .pio/build/uno_r4_minima/libFrameworkArduino.a(tusb_fifo.c.o)
 .text.tu_fifo_config
                0x0000000000007a5a       0x2e .pio/build/uno_r4_minima/libFrameworkArduino.a(tusb_fifo.c.o)
                0x0000000000007a5a                tu_fifo_config
 .text.tu_fifo_count
                0x0000000000007a88       0x20 .pio/build/uno_r4_minima/libFrameworkArduino.a(tusb_fifo.c.o)
                0x0000000000007a88                tu_fifo_count
 .text.tu_fifo_empty
                0x0000000000007aa8        0xe .pio/build/uno_r4_minima/libFrameworkArduino.a(tusb_fifo.c.o)
                0x0000000000007aa8                tu_fifo_empty
 .text.tu_fifo_full
                0x0000000000007ab6       0x22 .pio/build/uno_r4_minima/libFrameworkArduino.a(tusb_fifo.c.o)
                0x0000000000007ab6                tu_fifo_full
 .text.tu_fifo_remaining
                0x0000000000007ad8       0x24 .pio/build/uno_r4_minima/libFrameworkArduino.a(tusb_fifo.c.o)
                0x0000000000007ad8                tu_fifo_remaining
 .text.tu_fifo_read
                0x0000000000007afc       0x1e .pio/build/uno_r4_minima/libFrameworkArduino.a(tusb_fifo.c.o)
                0x0000000000007afc                tu_fifo_read
 .text.tu_fifo_read_n
                0x0000000000007b1a       0x26 .pio/build/uno_r4_minima/libFrameworkArduino.a(tusb_fifo.c.o)
                0x0000000000007b1a                tu_fifo_read_n
 .text.tu_fifo_peek
                0x0000000000007b40        0x8 .pio/build/uno_r4_minima/libFrameworkArduino.a(tusb_fifo.c.o)
                0x0000000000007b40                tu_fifo_peek
 .text.tu_fifo_write
                0x0000000000007b48       0x46 .pio/build/uno_r4_minima/libFrameworkArduino.a(tusb_fifo.c.o)
                0x0000000000007b48                tu_fifo_write
 .text.tu_fifo_write_n
                0x0000000000007b8e        0xc .pio/build/uno_r4_minima/libFrameworkArduino.a(tusb_fifo.c.o)
                0x0000000000007b8e                tu_fifo_write_n
 .text.tu_fifo_clear
                0x0000000000007b9a        0xa .pio/build/uno_r4_minima/libFrameworkArduino.a(tusb_fifo.c.o)
                0x0000000000007b9a                tu_fifo_clear
 .text.tu_fifo_set_overwritable
                0x0000000000007ba4        0xc .pio/build/uno_r4_minima/libFrameworkArduino.a(tusb_fifo.c.o)
                0x0000000000007ba4                tu_fifo_set_overwritable
 .text.tu_fifo_advance_write_pointer
                0x0000000000007bb0       0x14 .pio/build/uno_r4_minima/libFrameworkArduino.a(tusb_fifo.c.o)
                0x0000000000007bb0                tu_fifo_advance_write_pointer
 .text.tu_fifo_advance_read_pointer
                0x0000000000007bc4       0x14 .pio/build/uno_r4_minima/libFrameworkArduino.a(tusb_fifo.c.o)
                0x0000000000007bc4                tu_fifo_advance_read_pointer
 .text.tu_fifo_get_read_info
                0x0000000000007bd8       0x6c .pio/build/uno_r4_minima/libFrameworkArduino.a(tusb_fifo.c.o)
                0x0000000000007bd8                tu_fifo_get_read_info
 .text.tu_fifo_get_write_info
                0x0000000000007c44       0x64 .pio/build/uno_r4_minima/libFrameworkArduino.a(tusb_fifo.c.o)
                0x0000000000007c44                tu_fifo_get_write_info
 .text.get_driver
                0x0000000000007ca8       0x38 .pio/build/uno_r4_minima/libFrameworkArduino.a(usbd.c.o)
 .text.configuration_reset
                0x0000000000007ce0       0x64 .pio/build/uno_r4_minima/libFrameworkArduino.a(usbd.c.o)
 .text.invoke_class_control.isra.1
                0x0000000000007d44       0x1c .pio/build/uno_r4_minima/libFrameworkArduino.a(usbd.c.o)
 .text.usbd_int_set
                0x0000000000007d60       0x18 .pio/build/uno_r4_minima/libFrameworkArduino.a(usbd.c.o)
                0x0000000000007d60                usbd_int_set
 .text.tud_mounted
                0x0000000000007d78       0x10 .pio/build/uno_r4_minima/libFrameworkArduino.a(usbd.c.o)
                0x0000000000007d78                tud_mounted
 .text.tud_suspended
                0x0000000000007d88       0x10 .pio/build/uno_r4_minima/libFrameworkArduino.a(usbd.c.o)
                0x0000000000007d88                tud_suspended
 .text.tud_inited
                0x0000000000007d98       0x10 .pio/build/uno_r4_minima/libFrameworkArduino.a(usbd.c.o)
                0x0000000000007d98                tud_inited
 .text.tud_init
                0x0000000000007da8       0x90 .pio/build/uno_r4_minima/libFrameworkArduino.a(usbd.c.o)
                0x0000000000007da8                tud_init
 .text.dcd_event_handler
                0x0000000000007e38      0x108 .pio/build/uno_r4_minima/libFrameworkArduino.a(usbd.c.o)
                0x0000000000007e38                dcd_event_handler
 .text.usbd_edpt_open
                0x0000000000007f40       0x48 .pio/build/uno_r4_minima/libFrameworkArduino.a(usbd.c.o)
                0x0000000000007f40                usbd_edpt_open
 .text.usbd_open_edpt_pair
                0x0000000000007f88       0x68 .pio/build/uno_r4_minima/libFrameworkArduino.a(usbd.c.o)
                0x0000000000007f88                usbd_open_edpt_pair
 .text.usbd_edpt_claim
                0x0000000000007ff0       0x1c .pio/build/uno_r4_minima/libFrameworkArduino.a(usbd.c.o)
                0x0000000000007ff0                usbd_edpt_claim
 .text.usbd_edpt_release
                0x000000000000800c       0x1c .pio/build/uno_r4_minima/libFrameworkArduino.a(usbd.c.o)
                0x000000000000800c                usbd_edpt_release
 .text.usbd_edpt_xfer
                0x0000000000008028       0x64 .pio/build/uno_r4_minima/libFrameworkArduino.a(usbd.c.o)
                0x0000000000008028                usbd_edpt_xfer
 .text.usbd_edpt_stall
                0x000000000000808c       0x3c .pio/build/uno_r4_minima/libFrameworkArduino.a(usbd.c.o)
                0x000000000000808c                usbd_edpt_stall
 .text.usbd_edpt_clear_stall
                0x00000000000080c8       0x3c .pio/build/uno_r4_minima/libFrameworkArduino.a(usbd.c.o)
                0x00000000000080c8                usbd_edpt_clear_stall
 .text.tud_task_ext
                0x0000000000008104      0x5cc .pio/build/uno_r4_minima/libFrameworkArduino.a(usbd.c.o)
                0x0000000000008104                tud_task_ext
 .text._data_stage_xact
                0x00000000000086d0       0x54 .pio/build/uno_r4_minima/libFrameworkArduino.a(usbd_control.c.o)
 .text.tud_control_status
                0x0000000000008724       0x30 .pio/build/uno_r4_minima/libFrameworkArduino.a(usbd_control.c.o)
                0x0000000000008724                tud_control_status
 .text.tud_control_xfer
                0x0000000000008754       0x70 .pio/build/uno_r4_minima/libFrameworkArduino.a(usbd_control.c.o)
                0x0000000000008754                tud_control_xfer
 .text.usbd_control_reset
                0x00000000000087c4       0x10 .pio/build/uno_r4_minima/libFrameworkArduino.a(usbd_control.c.o)
                0x00000000000087c4                usbd_control_reset
 .text.usbd_control_set_complete_callback
                0x00000000000087d4        0xc .pio/build/uno_r4_minima/libFrameworkArduino.a(usbd_control.c.o)
                0x00000000000087d4                usbd_control_set_complete_callback
 .text.usbd_control_set_request
                0x00000000000087e0       0x18 .pio/build/uno_r4_minima/libFrameworkArduino.a(usbd_control.c.o)
                0x00000000000087e0                usbd_control_set_request
 .text.usbd_control_xfer_cb
                0x00000000000087f8       0xd0 .pio/build/uno_r4_minima/libFrameworkArduino.a(usbd_control.c.o)
                0x00000000000087f8                usbd_control_xfer_cb
 .text.pipe_write_packet.isra.0
                0x00000000000088c8       0x28 .pio/build/uno_r4_minima/libFrameworkArduino.a(dcd_rusb2.c.o)
 .text.pipe_write_packet_ff.isra.2
                0x00000000000088f0       0x4c .pio/build/uno_r4_minima/libFrameworkArduino.a(dcd_rusb2.c.o)
 .text.pipe0_xfer_in
                0x000000000000893c       0x68 .pio/build/uno_r4_minima/libFrameworkArduino.a(dcd_rusb2.c.o)
 .text.process_pipe0_xfer
                0x00000000000089a4       0x7c .pio/build/uno_r4_minima/libFrameworkArduino.a(dcd_rusb2.c.o)
 .text.pipe_xfer_in
                0x0000000000008a20       0xd4 .pio/build/uno_r4_minima/libFrameworkArduino.a(dcd_rusb2.c.o)
 .text.process_pipe_xfer
                0x0000000000008af4       0xe0 .pio/build/uno_r4_minima/libFrameworkArduino.a(dcd_rusb2.c.o)
 .text.pipe_read_packet_ff.isra.3
                0x0000000000008bd4       0x5a .pio/build/uno_r4_minima/libFrameworkArduino.a(dcd_rusb2.c.o)
 *fill*         0x0000000000008c2e        0x2 ff
 .text.dcd_int_enable
                0x0000000000008c30       0x2c .pio/build/uno_r4_minima/libFrameworkArduino.a(dcd_rusb2.c.o)
                0x0000000000008c30                dcd_int_enable
 .text.dcd_int_disable
                0x0000000000008c5c       0x34 .pio/build/uno_r4_minima/libFrameworkArduino.a(dcd_rusb2.c.o)
                0x0000000000008c5c                dcd_int_disable
 .text.dcd_set_address
                0x0000000000008c90        0x2 .pio/build/uno_r4_minima/libFrameworkArduino.a(dcd_rusb2.c.o)
                0x0000000000008c90                dcd_set_address
 *fill*         0x0000000000008c92        0x2 ff
 .text.dcd_connect
                0x0000000000008c94       0x14 .pio/build/uno_r4_minima/libFrameworkArduino.a(dcd_rusb2.c.o)
                0x0000000000008c94                dcd_connect
 .text.dcd_init
                0x0000000000008ca8       0x88 .pio/build/uno_r4_minima/libFrameworkArduino.a(dcd_rusb2.c.o)
                0x0000000000008ca8                dcd_init
 .text.dcd_disconnect
                0x0000000000008d30       0x14 .pio/build/uno_r4_minima/libFrameworkArduino.a(dcd_rusb2.c.o)
                0x0000000000008d30                dcd_disconnect
 .text.dcd_edpt_open
                0x0000000000008d44      0x138 .pio/build/uno_r4_minima/libFrameworkArduino.a(dcd_rusb2.c.o)
                0x0000000000008d44                dcd_edpt_open
 .text.dcd_edpt_close
                0x0000000000008e7c       0x60 .pio/build/uno_r4_minima/libFrameworkArduino.a(dcd_rusb2.c.o)
                0x0000000000008e7c                dcd_edpt_close
 .text.dcd_edpt_close_all
                0x0000000000008edc       0x34 .pio/build/uno_r4_minima/libFrameworkArduino.a(dcd_rusb2.c.o)
                0x0000000000008edc                dcd_edpt_close_all
 .text.dcd_edpt_xfer
                0x0000000000008f10       0x48 .pio/build/uno_r4_minima/libFrameworkArduino.a(dcd_rusb2.c.o)
                0x0000000000008f10                dcd_edpt_xfer
 .text.dcd_edpt_stall
                0x0000000000008f58       0x58 .pio/build/uno_r4_minima/libFrameworkArduino.a(dcd_rusb2.c.o)
                0x0000000000008f58                dcd_edpt_stall
 .text.dcd_edpt_clear_stall
                0x0000000000008fb0       0x74 .pio/build/uno_r4_minima/libFrameworkArduino.a(dcd_rusb2.c.o)
                0x0000000000008fb0                dcd_edpt_clear_stall
 .text.dcd_int_handler
                0x0000000000009024      0x4bc .pio/build/uno_r4_minima/libFrameworkArduino.a(dcd_rusb2.c.o)
                0x0000000000009024                dcd_int_handler
 .text.tusb_rusb2_set_irqnum
                0x00000000000094e0       0x10 .pio/build/uno_r4_minima/libFrameworkArduino.a(rusb2_common.c.o)
                0x00000000000094e0                tusb_rusb2_set_irqnum
 .text.tusb_inited
                0x00000000000094f0        0x4 .pio/build/uno_r4_minima/libFrameworkArduino.a(tusb.c.o)
                0x00000000000094f0                tusb_inited
 .text.tu_edpt_claim
                0x00000000000094f4       0x2e .pio/build/uno_r4_minima/libFrameworkArduino.a(tusb.c.o)
                0x00000000000094f4                tu_edpt_claim
 .text.tu_edpt_release
                0x0000000000009522       0x20 .pio/build/uno_r4_minima/libFrameworkArduino.a(tusb.c.o)
                0x0000000000009522                tu_edpt_release
 *fill*         0x0000000000009542        0x2 ff
 .text.tu_edpt_validate
                0x0000000000009544       0x60 .pio/build/uno_r4_minima/libFrameworkArduino.a(tusb.c.o)
                0x0000000000009544                tu_edpt_validate
 .text.tu_edpt_bind_driver
                0x00000000000095a4       0x24 .pio/build/uno_r4_minima/libFrameworkArduino.a(tusb.c.o)
                0x00000000000095a4                tu_edpt_bind_driver
 .text.dfu_rtd_init
                0x00000000000095c8        0x2 .pio/build/uno_r4_minima/libFrameworkArduino.a(dfu_rt_device.c.o)
                0x00000000000095c8                dfu_rtd_init
 .text.dfu_rtd_reset
                0x00000000000095ca        0x2 .pio/build/uno_r4_minima/libFrameworkArduino.a(dfu_rt_device.c.o)
                0x00000000000095ca                dfu_rtd_reset
 .text.dfu_rtd_open
                0x00000000000095cc       0x24 .pio/build/uno_r4_minima/libFrameworkArduino.a(dfu_rt_device.c.o)
                0x00000000000095cc                dfu_rtd_open
 .text.dfu_rtd_control_xfer_cb
                0x00000000000095f0       0x64 .pio/build/uno_r4_minima/libFrameworkArduino.a(dfu_rt_device.c.o)
                0x00000000000095f0                dfu_rtd_control_xfer_cb
 .text.hidd_reset
                0x0000000000009654       0x10 .pio/build/uno_r4_minima/libFrameworkArduino.a(hid_device.c.o)
                0x0000000000009654                hidd_reset
 .text.hidd_init
                0x0000000000009664        0x6 .pio/build/uno_r4_minima/libFrameworkArduino.a(hid_device.c.o)
                0x0000000000009664                hidd_init
 *fill*         0x000000000000966a        0x2 ff
 .text.hidd_open
                0x000000000000966c       0xc4 .pio/build/uno_r4_minima/libFrameworkArduino.a(hid_device.c.o)
                0x000000000000966c                hidd_open
 .text.hidd_control_xfer_cb
                0x0000000000009730      0x1e0 .pio/build/uno_r4_minima/libFrameworkArduino.a(hid_device.c.o)
                0x0000000000009730                hidd_control_xfer_cb
 .text.hidd_xfer_cb
                0x0000000000009910       0x7c .pio/build/uno_r4_minima/libFrameworkArduino.a(hid_device.c.o)
                0x0000000000009910                hidd_xfer_cb
 .text.R_WDT_Open
                0x000000000000998c       0x58 /Users/adam/.platformio/packages/framework-arduinorenesas-uno/variants/MINIMA/libs/libfsp.a(r_wdt.o)
                0x000000000000998c                R_WDT_Open
 .text.R_WDT_Refresh
                0x00000000000099e4       0x10 /Users/adam/.platformio/packages/framework-arduinorenesas-uno/variants/MINIMA/libs/libfsp.a(r_wdt.o)
                0x00000000000099e4                R_WDT_Refresh
 .text.r_spi_call_callback
                0x00000000000099f4       0x40 /Users/adam/.platformio/packages/framework-arduinorenesas-uno/variants/MINIMA/libs/libfsp.a(r_spi.o)
 .text.spi_rxi_isr
                0x0000000000009a34       0x9c /Users/adam/.platformio/packages/framework-arduinorenesas-uno/variants/MINIMA/libs/libfsp.a(r_spi.o)
                0x0000000000009a34                spi_rxi_isr
 .text.spi_txi_isr
                0x0000000000009ad0       0xd8 /Users/adam/.platformio/packages/framework-arduinorenesas-uno/variants/MINIMA/libs/libfsp.a(r_spi.o)
                0x0000000000009ad0                spi_txi_isr
 .text.spi_tei_isr
                0x0000000000009ba8       0xe0 /Users/adam/.platformio/packages/framework-arduinorenesas-uno/variants/MINIMA/libs/libfsp.a(r_spi.o)
                0x0000000000009ba8                spi_tei_isr
 .text.spi_eri_isr
                0x0000000000009c88       0xdc /Users/adam/.platformio/packages/framework-arduinorenesas-uno/variants/MINIMA/libs/libfsp.a(r_spi.o)
                0x0000000000009c88                spi_eri_isr
 .text.r_sci_uart_call_callback
                0x0000000000009d64       0x44 /Users/adam/.platformio/packages/framework-arduinorenesas-uno/variants/MINIMA/libs/libfsp.a(r_sci_uart.o)
 .text.sci_uart_txi_isr
                0x0000000000009da8       0xec /Users/adam/.platformio/packages/framework-arduinorenesas-uno/variants/MINIMA/libs/libfsp.a(r_sci_uart.o)
                0x0000000000009da8                sci_uart_txi_isr
 .text.sci_uart_rxi_isr
                0x0000000000009e94      0x184 /Users/adam/.platformio/packages/framework-arduinorenesas-uno/variants/MINIMA/libs/libfsp.a(r_sci_uart.o)
                0x0000000000009e94                sci_uart_rxi_isr
 .text.sci_uart_tei_isr
                0x000000000000a018       0x40 /Users/adam/.platformio/packages/framework-arduinorenesas-uno/variants/MINIMA/libs/libfsp.a(r_sci_uart.o)
                0x000000000000a018                sci_uart_tei_isr
 .text.sci_uart_eri_isr
                0x000000000000a058       0x78 /Users/adam/.platformio/packages/framework-arduinorenesas-uno/variants/MINIMA/libs/libfsp.a(r_sci_uart.o)
                0x000000000000a058                sci_uart_eri_isr
 .text.r_sci_spi_call_callback
                0x000000000000a0d0       0x40 /Users/adam/.platformio/packages/framework-arduinorenesas-uno/variants/MINIMA/libs/libfsp.a(r_sci_spi.o)
 .text.sci_spi_txi_isr
                0x000000000000a110       0x68 /Users/adam/.platformio/packages/framework-arduinorenesas-uno/variants/MINIMA/libs/libfsp.a(r_sci_spi.o)
                0x000000000000a110                sci_spi_txi_isr
 .text.sci_spi_rxi_isr
                0x000000000000a178       0x74 /Users/adam/.platformio/packages/framework-arduinorenesas-uno/variants/MINIMA/libs/libfsp.a(r_sci_spi.o)
                0x000000000000a178                sci_spi_rxi_isr
 .text.sci_spi_tei_isr
                0x000000000000a1ec       0x3c /Users/adam/.platformio/packages/framework-arduinorenesas-uno/variants/MINIMA/libs/libfsp.a(r_sci_spi.o)
                0x000000000000a1ec                sci_spi_tei_isr
 .text.sci_spi_eri_isr
                0x000000000000a228       0x44 /Users/adam/.platformio/packages/framework-arduinorenesas-uno/variants/MINIMA/libs/libfsp.a(r_sci_spi.o)
                0x000000000000a228                sci_spi_eri_isr
 .text.sci_i2c_enable_transfer_support_tx
                0x000000000000a26c       0x34 /Users/adam/.platformio/packages/framework-arduinorenesas-uno/variants/MINIMA/libs/libfsp.a(r_sci_i2c.o)
 .text.sci_i2c_notify
                0x000000000000a2a0       0x64 /Users/adam/.platformio/packages/framework-arduinorenesas-uno/variants/MINIMA/libs/libfsp.a(r_sci_i2c.o)
                0x000000000000a2a0                sci_i2c_notify
 .text.sci_i2c_rxi_isr
                0x000000000000a304       0x20 /Users/adam/.platformio/packages/framework-arduinorenesas-uno/variants/MINIMA/libs/libfsp.a(r_sci_i2c.o)
                0x000000000000a304                sci_i2c_rxi_isr
 .text.sci_i2c_txi_isr
                0x000000000000a324      0x198 /Users/adam/.platformio/packages/framework-arduinorenesas-uno/variants/MINIMA/libs/libfsp.a(r_sci_i2c.o)
                0x000000000000a324                sci_i2c_txi_isr
 .text.sci_i2c_tei_isr
                0x000000000000a4bc       0xf0 /Users/adam/.platformio/packages/framework-arduinorenesas-uno/variants/MINIMA/libs/libfsp.a(r_sci_i2c.o)
                0x000000000000a4bc                sci_i2c_tei_isr
 .text.rtc_alarm_periodic_isr
                0x000000000000a5ac       0x68 /Users/adam/.platformio/packages/framework-arduinorenesas-uno/variants/MINIMA/libs/libfsp.a(r_rtc.o)
                0x000000000000a5ac                rtc_alarm_periodic_isr
 .text.rtc_carry_isr
                0x000000000000a614       0x2c /Users/adam/.platformio/packages/framework-arduinorenesas-uno/variants/MINIMA/libs/libfsp.a(r_rtc.o)
                0x000000000000a614                rtc_carry_isr
 .text.R_IOPORT_PinWrite
                0x000000000000a640       0x20 /Users/adam/.platformio/packages/framework-arduinorenesas-uno/variants/MINIMA/libs/libfsp.a(r_ioport.o)
                0x000000000000a640                R_IOPORT_PinWrite
 .text.bsp_vbatt_init
                0x000000000000a660       0xac /Users/adam/.platformio/packages/framework-arduinorenesas-uno/variants/MINIMA/libs/libfsp.a(r_ioport.o)
 .text.R_IOPORT_PinCfg
                0x000000000000a70c       0xa8 /Users/adam/.platformio/packages/framework-arduinorenesas-uno/variants/MINIMA/libs/libfsp.a(r_ioport.o)
                0x000000000000a70c                R_IOPORT_PinCfg
 .text.r_iic_slave_call_callback
                0x000000000000a7b4       0x3c /Users/adam/.platformio/packages/framework-arduinorenesas-uno/variants/MINIMA/libs/libfsp.a(r_iic_slave.o)
 .text.iic_slave_initiate_transaction
                0x000000000000a7f0       0x74 /Users/adam/.platformio/packages/framework-arduinorenesas-uno/variants/MINIMA/libs/libfsp.a(r_iic_slave.o)
 .text.iic_slave_rxi_isr
                0x000000000000a864      0x12c /Users/adam/.platformio/packages/framework-arduinorenesas-uno/variants/MINIMA/libs/libfsp.a(r_iic_slave.o)
                0x000000000000a864                iic_slave_rxi_isr
 .text.iic_slave_txi_isr
                0x000000000000a990       0xa8 /Users/adam/.platformio/packages/framework-arduinorenesas-uno/variants/MINIMA/libs/libfsp.a(r_iic_slave.o)
                0x000000000000a990                iic_slave_txi_isr
 .text.iic_slave_tei_isr
                0x000000000000aa38       0x94 /Users/adam/.platformio/packages/framework-arduinorenesas-uno/variants/MINIMA/libs/libfsp.a(r_iic_slave.o)
                0x000000000000aa38                iic_slave_tei_isr
 .text.iic_slave_eri_isr
                0x000000000000aacc      0x10c /Users/adam/.platformio/packages/framework-arduinorenesas-uno/variants/MINIMA/libs/libfsp.a(r_iic_slave.o)
                0x000000000000aacc                iic_slave_eri_isr
 .text.iic_master_notify
                0x000000000000abd8       0x3c /Users/adam/.platformio/packages/framework-arduinorenesas-uno/variants/MINIMA/libs/libfsp.a(r_iic_master.o)
 .text.iic_master_open_hw_master
                0x000000000000ac14      0x184 /Users/adam/.platformio/packages/framework-arduinorenesas-uno/variants/MINIMA/libs/libfsp.a(r_iic_master.o)
 .text.iic_master_rxi_isr
                0x000000000000ad98      0x13c /Users/adam/.platformio/packages/framework-arduinorenesas-uno/variants/MINIMA/libs/libfsp.a(r_iic_master.o)
                0x000000000000ad98                iic_master_rxi_isr
 .text.iic_master_txi_isr
                0x000000000000aed4       0xec /Users/adam/.platformio/packages/framework-arduinorenesas-uno/variants/MINIMA/libs/libfsp.a(r_iic_master.o)
                0x000000000000aed4                iic_master_txi_isr
 .text.iic_master_tei_isr
                0x000000000000afc0       0xc4 /Users/adam/.platformio/packages/framework-arduinorenesas-uno/variants/MINIMA/libs/libfsp.a(r_iic_master.o)
                0x000000000000afc0                iic_master_tei_isr
 .text.iic_master_eri_isr
                0x000000000000b084      0x140 /Users/adam/.platformio/packages/framework-arduinorenesas-uno/variants/MINIMA/libs/libfsp.a(r_iic_master.o)
                0x000000000000b084                iic_master_eri_isr
 .text.r_icu_isr
                0x000000000000b1c4       0x6c /Users/adam/.platformio/packages/framework-arduinorenesas-uno/variants/MINIMA/libs/libfsp.a(r_icu.o)
                0x000000000000b1c4                r_icu_isr
 .text.R_GPT_Stop
                0x000000000000b230        0xc /Users/adam/.platformio/packages/framework-arduinorenesas-uno/variants/MINIMA/libs/libfsp.a(r_gpt.o)
                0x000000000000b230                R_GPT_Stop
 .text.R_GPT_Start
                0x000000000000b23c        0xc /Users/adam/.platformio/packages/framework-arduinorenesas-uno/variants/MINIMA/libs/libfsp.a(r_gpt.o)
                0x000000000000b23c                R_GPT_Start
 .text.R_GPT_Enable
                0x000000000000b248       0x30 /Users/adam/.platformio/packages/framework-arduinorenesas-uno/variants/MINIMA/libs/libfsp.a(r_gpt.o)
                0x000000000000b248                R_GPT_Enable
 .text.R_GPT_PeriodSet
                0x000000000000b278       0x3c /Users/adam/.platformio/packages/framework-arduinorenesas-uno/variants/MINIMA/libs/libfsp.a(r_gpt.o)
                0x000000000000b278                R_GPT_PeriodSet
 .text.r_gpt_enable_irq
                0x000000000000b2b4       0x5c /Users/adam/.platformio/packages/framework-arduinorenesas-uno/variants/MINIMA/libs/libfsp.a(r_gpt.o)
 .text.r_gpt_call_callback
                0x000000000000b310       0x3c /Users/adam/.platformio/packages/framework-arduinorenesas-uno/variants/MINIMA/libs/libfsp.a(r_gpt.o)
 .text.R_GPT_InfoGet
                0x000000000000b34c       0x44 /Users/adam/.platformio/packages/framework-arduinorenesas-uno/variants/MINIMA/libs/libfsp.a(r_gpt.o)
                0x000000000000b34c                R_GPT_InfoGet
 .text.gpt_calculate_duty_cycle.isra.0
                0x000000000000b390       0x78 /Users/adam/.platformio/packages/framework-arduinorenesas-uno/variants/MINIMA/libs/libfsp.a(r_gpt.o)
 .text.R_GPT_Open
                0x000000000000b408      0x264 /Users/adam/.platformio/packages/framework-arduinorenesas-uno/variants/MINIMA/libs/libfsp.a(r_gpt.o)
                0x000000000000b408                R_GPT_Open
 .text.R_GPT_Close
                0x000000000000b66c       0xd4 /Users/adam/.platformio/packages/framework-arduinorenesas-uno/variants/MINIMA/libs/libfsp.a(r_gpt.o)
                0x000000000000b66c                R_GPT_Close
 .text.gpt_counter_overflow_isr
                0x000000000000b740       0x78 /Users/adam/.platformio/packages/framework-arduinorenesas-uno/variants/MINIMA/libs/libfsp.a(r_gpt.o)
                0x000000000000b740                gpt_counter_overflow_isr
 .text.R_DAC_Open
                0x000000000000b7b8       0x88 /Users/adam/.platformio/packages/framework-arduinorenesas-uno/variants/MINIMA/libs/libfsp.a(r_dac.o)
                0x000000000000b7b8                R_DAC_Open
 .text.R_DAC_Write
                0x000000000000b840        0xc /Users/adam/.platformio/packages/framework-arduinorenesas-uno/variants/MINIMA/libs/libfsp.a(r_dac.o)
                0x000000000000b840                R_DAC_Write
 .text.R_DAC_Start
                0x000000000000b84c       0x30 /Users/adam/.platformio/packages/framework-arduinorenesas-uno/variants/MINIMA/libs/libfsp.a(r_dac.o)
                0x000000000000b84c                R_DAC_Start
 .text.R_DAC_Stop
                0x000000000000b87c       0x34 /Users/adam/.platformio/packages/framework-arduinorenesas-uno/variants/MINIMA/libs/libfsp.a(r_dac.o)
                0x000000000000b87c                R_DAC_Stop
 .text.R_DAC_Close
                0x000000000000b8b0       0x40 /Users/adam/.platformio/packages/framework-arduinorenesas-uno/variants/MINIMA/libs/libfsp.a(r_dac.o)
                0x000000000000b8b0                R_DAC_Close
 .text.r_can_call_callback
                0x000000000000b8f0       0x68 /Users/adam/.platformio/packages/framework-arduinorenesas-uno/variants/MINIMA/libs/libfsp.a(r_can.o)
 .text.can_error_isr
                0x000000000000b958       0xd4 /Users/adam/.platformio/packages/framework-arduinorenesas-uno/variants/MINIMA/libs/libfsp.a(r_can.o)
                0x000000000000b958                can_error_isr
 .text.can_rx_isr
                0x000000000000ba2c      0x118 /Users/adam/.platformio/packages/framework-arduinorenesas-uno/variants/MINIMA/libs/libfsp.a(r_can.o)
                0x000000000000ba2c                can_rx_isr
 .text.can_tx_isr
                0x000000000000bb44       0xa0 /Users/adam/.platformio/packages/framework-arduinorenesas-uno/variants/MINIMA/libs/libfsp.a(r_can.o)
                0x000000000000bb44                can_tx_isr
 .text.R_AGT_Start
                0x000000000000bbe4       0x38 /Users/adam/.platformio/packages/framework-arduinorenesas-uno/variants/MINIMA/libs/libfsp.a(r_agt.o)
                0x000000000000bbe4                R_AGT_Start
 .text.R_AGT_Stop
                0x000000000000bc1c       0x1c /Users/adam/.platformio/packages/framework-arduinorenesas-uno/variants/MINIMA/libs/libfsp.a(r_agt.o)
                0x000000000000bc1c                R_AGT_Stop
 .text.R_AGT_Enable
                0x000000000000bc38       0x14 /Users/adam/.platformio/packages/framework-arduinorenesas-uno/variants/MINIMA/libs/libfsp.a(r_agt.o)
                0x000000000000bc38                R_AGT_Enable
 .text.R_AGT_PeriodSet
                0x000000000000bc4c       0x30 /Users/adam/.platformio/packages/framework-arduinorenesas-uno/variants/MINIMA/libs/libfsp.a(r_agt.o)
                0x000000000000bc4c                R_AGT_PeriodSet
 .text.R_AGT_Close
                0x000000000000bc7c       0x84 /Users/adam/.platformio/packages/framework-arduinorenesas-uno/variants/MINIMA/libs/libfsp.a(r_agt.o)
                0x000000000000bc7c                R_AGT_Close
 .text.R_AGT_Open
                0x000000000000bd00      0x118 /Users/adam/.platformio/packages/framework-arduinorenesas-uno/variants/MINIMA/libs/libfsp.a(r_agt.o)
                0x000000000000bd00                R_AGT_Open
 .text.R_AGT_InfoGet
                0x000000000000be18       0xcc /Users/adam/.platformio/packages/framework-arduinorenesas-uno/variants/MINIMA/libs/libfsp.a(r_agt.o)
                0x000000000000be18                R_AGT_InfoGet
 .text.agt_int_isr
                0x000000000000bee4       0x88 /Users/adam/.platformio/packages/framework-arduinorenesas-uno/variants/MINIMA/libs/libfsp.a(r_agt.o)
                0x000000000000bee4                agt_int_isr
 .text.R_ADC_ScanStart
                0x000000000000bf6c        0xc /Users/adam/.platformio/packages/framework-arduinorenesas-uno/variants/MINIMA/libs/libfsp.a(r_adc.o)
                0x000000000000bf6c                R_ADC_ScanStart
 .text.R_ADC_StatusGet
                0x000000000000bf78       0x10 /Users/adam/.platformio/packages/framework-arduinorenesas-uno/variants/MINIMA/libs/libfsp.a(r_adc.o)
                0x000000000000bf78                R_ADC_StatusGet
 .text.R_ADC_Read
                0x000000000000bf88       0x10 /Users/adam/.platformio/packages/framework-arduinorenesas-uno/variants/MINIMA/libs/libfsp.a(r_adc.o)
                0x000000000000bf88                R_ADC_Read
 .text.R_ADC_ScanCfg
                0x000000000000bf98      0x1a0 /Users/adam/.platformio/packages/framework-arduinorenesas-uno/variants/MINIMA/libs/libfsp.a(r_adc.o)
                0x000000000000bf98                R_ADC_ScanCfg
 .text.R_ADC_Open
                0x000000000000c138      0x240 /Users/adam/.platformio/packages/framework-arduinorenesas-uno/variants/MINIMA/libs/libfsp.a(r_adc.o)
                0x000000000000c138                R_ADC_Open
 .text.R_ADC_Close
                0x000000000000c378       0xfc /Users/adam/.platformio/packages/framework-arduinorenesas-uno/variants/MINIMA/libs/libfsp.a(r_adc.o)
                0x000000000000c378                R_ADC_Close
 .text.SystemCoreClockUpdate
                0x000000000000c474       0x28 /Users/adam/.platformio/packages/framework-arduinorenesas-uno/variants/MINIMA/libs/libfsp.a(bsp_clocks.o)
                0x000000000000c474                SystemCoreClockUpdate
 .text.bsp_clock_init
                0x000000000000c49c      0x12c /Users/adam/.platformio/packages/framework-arduinorenesas-uno/variants/MINIMA/libs/libfsp.a(bsp_clocks.o)
                0x000000000000c49c                bsp_clock_init
 .text.bsp_prv_software_delay_loop
                0x000000000000c5c8        0xc /Users/adam/.platformio/packages/framework-arduinorenesas-uno/variants/MINIMA/libs/libfsp.a(bsp_delay.o)
                0x000000000000c5c8                bsp_prv_software_delay_loop
 .text.R_BSP_SoftwareDelay
                0x000000000000c5d4       0x5c /Users/adam/.platformio/packages/framework-arduinorenesas-uno/variants/MINIMA/libs/libfsp.a(bsp_delay.o)
                0x000000000000c5d4                R_BSP_SoftwareDelay
 .text.NMI_Handler
                0x000000000000c630       0x38 /Users/adam/.platformio/packages/framework-arduinorenesas-uno/variants/MINIMA/libs/libfsp.a(bsp_group_irq.o)
                0x000000000000c630                NMI_Handler
 .text.bsp_irq_cfg
                0x000000000000c668       0x2c /Users/adam/.platformio/packages/framework-arduinorenesas-uno/variants/MINIMA/libs/libfsp.a(bsp_irq.o)
                0x000000000000c668                bsp_irq_cfg
 .text.R_BSP_RegisterProtectEnable
                0x000000000000c694       0x60 /Users/adam/.platformio/packages/framework-arduinorenesas-uno/variants/MINIMA/libs/libfsp.a(bsp_register_protection.o)
                0x000000000000c694                R_BSP_RegisterProtectEnable
 .text.R_BSP_RegisterProtectDisable
                0x000000000000c6f4       0x54 /Users/adam/.platformio/packages/framework-arduinorenesas-uno/variants/MINIMA/libs/libfsp.a(bsp_register_protection.o)
                0x000000000000c6f4                R_BSP_RegisterProtectDisable
 .text.Default_Handler
                0x000000000000c748        0x4 /Users/adam/.platformio/packages/framework-arduinorenesas-uno/variants/MINIMA/libs/libfsp.a(startup.o)
                0x000000000000c748                BusFault_Handler
                0x000000000000c748                HardFault_Handler
                0x000000000000c748                SysTick_Handler
                0x000000000000c748                PendSV_Handler
                0x000000000000c748                UsageFault_Handler
                0x000000000000c748                SecureFault_Handler
                0x000000000000c748                Default_Handler
                0x000000000000c748                MemManage_Handler
                0x000000000000c748                SVC_Handler
                0x000000000000c748                DebugMon_Handler
 .text.Reset_Handler
                0x000000000000c74c        0xc /Users/adam/.platformio/packages/framework-arduinorenesas-uno/variants/MINIMA/libs/libfsp.a(startup.o)
                0x000000000000c74c                Reset_Handler
 .text.R_BSP_WarmStart
                0x000000000000c758        0x4 /Users/adam/.platformio/packages/framework-arduinorenesas-uno/variants/MINIMA/libs/libfsp.a(system.o)
                0x000000000000c758                R_BSP_WarmStart
 .text.SystemInit
                0x000000000000c75c      0x15c /Users/adam/.platformio/packages/framework-arduinorenesas-uno/variants/MINIMA/libs/libfsp.a(system.o)
                0x000000000000c75c                SystemInit
 .text.bsp_init_internal
                0x000000000000c8b8        0x4 /Users/adam/.platformio/packages/framework-arduinorenesas-uno/variants/MINIMA/libs/libfsp.a(bsp_common.o)
                0x000000000000c8b8                bsp_init
                0x000000000000c8b8                bsp_init_internal
 .text._ZdlPvj  0x000000000000c8bc        0x4 /Users/adam/.platformio/packages/toolchain-gccarmnoneeabi/bin/../lib/gcc/arm-none-eabi/7.2.1/../../../../arm-none-eabi/lib/thumb/v7e-m/fpv4-sp/hard/libstdc++_nano.a(del_ops.o)
                0x000000000000c8bc                operator delete(void*, unsigned int)
 .text.__cxa_guard_acquire
                0x000000000000c8c0       0x18 /Users/adam/.platformio/packages/toolchain-gccarmnoneeabi/bin/../lib/gcc/arm-none-eabi/7.2.1/../../../../arm-none-eabi/lib/thumb/v7e-m/fpv4-sp/hard/libstdc++_nano.a(guard.o)
                0x000000000000c8c0                __cxa_guard_acquire
 .text.__cxa_guard_release
                0x000000000000c8d8        0x6 /Users/adam/.platformio/packages/toolchain-gccarmnoneeabi/bin/../lib/gcc/arm-none-eabi/7.2.1/../../../../arm-none-eabi/lib/thumb/v7e-m/fpv4-sp/hard/libstdc++_nano.a(guard.o)
                0x000000000000c8d8                __cxa_guard_release
 .text._Znwj    0x000000000000c8de       0x22 /Users/adam/.platformio/packages/toolchain-gccarmnoneeabi/bin/../lib/gcc/arm-none-eabi/7.2.1/../../../../arm-none-eabi/lib/thumb/v7e-m/fpv4-sp/hard/libstdc++_nano.a(new_op.o)
                0x000000000000c8de                operator new(unsigned int)
 .text._ZdlPv   0x000000000000c900        0x4 /Users/adam/.platformio/packages/toolchain-gccarmnoneeabi/bin/../lib/gcc/arm-none-eabi/7.2.1/../../../../arm-none-eabi/lib/thumb/v7e-m/fpv4-sp/hard/libstdc++_nano.a(del_op.o)
                0x000000000000c900                operator delete(void*)
 .text._ZSt15get_new_handlerv
                0x000000000000c904       0x10 /Users/adam/.platformio/packages/toolchain-gccarmnoneeabi/bin/../lib/gcc/arm-none-eabi/7.2.1/../../../../arm-none-eabi/lib/thumb/v7e-m/fpv4-sp/hard/libstdc++_nano.a(new_handler.o)
                0x000000000000c904                std::get_new_handler()
 .text          0x000000000000c914      0x378 /Users/adam/.platformio/packages/toolchain-gccarmnoneeabi/bin/../lib/gcc/arm-none-eabi/7.2.1/thumb/v7e-m/fpv4-sp/hard/libgcc.a(_arm_addsubdf3.o)
                0x000000000000c914                __aeabi_drsub
                0x000000000000c91c                __subdf3
                0x000000000000c91c                __aeabi_dsub
                0x000000000000c920                __aeabi_dadd
                0x000000000000c920                __adddf3
                0x000000000000cb98                __aeabi_ui2d
                0x000000000000cb98                __floatunsidf
                0x000000000000cbb8                __floatsidf
                0x000000000000cbb8                __aeabi_i2d
                0x000000000000cbdc                __extendsfdf2
                0x000000000000cbdc                __aeabi_f2d
                0x000000000000cc20                __aeabi_ul2d
                0x000000000000cc20                __floatundidf
                0x000000000000cc30                __aeabi_l2d
                0x000000000000cc30                __floatdidf
 .text          0x000000000000cc8c      0x424 /Users/adam/.platformio/packages/toolchain-gccarmnoneeabi/bin/../lib/gcc/arm-none-eabi/7.2.1/thumb/v7e-m/fpv4-sp/hard/libgcc.a(_arm_muldivdf3.o)
                0x000000000000cc8c                __aeabi_dmul
                0x000000000000cc8c                __muldf3
                0x000000000000cee0                __aeabi_ddiv
                0x000000000000cee0                __divdf3
 .text          0x000000000000d0b0      0x110 /Users/adam/.platformio/packages/toolchain-gccarmnoneeabi/bin/../lib/gcc/arm-none-eabi/7.2.1/thumb/v7e-m/fpv4-sp/hard/libgcc.a(_arm_cmpdf2.o)
                0x000000000000d0b0                __gedf2
                0x000000000000d0b0                __gtdf2
                0x000000000000d0b8                __ledf2
                0x000000000000d0b8                __ltdf2
                0x000000000000d0c0                __cmpdf2
                0x000000000000d0c0                __eqdf2
                0x000000000000d0c0                __nedf2
                0x000000000000d13c                __aeabi_cdrcmple
                0x000000000000d14c                __aeabi_cdcmple
                0x000000000000d14c                __aeabi_cdcmpeq
                0x000000000000d15c                __aeabi_dcmpeq
                0x000000000000d170                __aeabi_dcmplt
                0x000000000000d184                __aeabi_dcmple
                0x000000000000d198                __aeabi_dcmpge
                0x000000000000d1ac                __aeabi_dcmpgt
 .text          0x000000000000d1c0       0x40 /Users/adam/.platformio/packages/toolchain-gccarmnoneeabi/bin/../lib/gcc/arm-none-eabi/7.2.1/thumb/v7e-m/fpv4-sp/hard/libgcc.a(_arm_fixunsdfsi.o)
                0x000000000000d1c0                __fixunsdfsi
                0x000000000000d1c0                __aeabi_d2uiz
 .text          0x000000000000d200       0xa0 /Users/adam/.platformio/packages/toolchain-gccarmnoneeabi/bin/../lib/gcc/arm-none-eabi/7.2.1/thumb/v7e-m/fpv4-sp/hard/libgcc.a(_arm_truncdfsf2.o)
                0x000000000000d200                __aeabi_d2f
                0x000000000000d200                __truncdfsf2
 .text.abort    0x000000000000d2a0        0xe /Users/adam/.platformio/packages/toolchain-gccarmnoneeabi/bin/../lib/gcc/arm-none-eabi/7.2.1/../../../../arm-none-eabi/lib/thumb/v7e-m/fpv4-sp/hard/libc_nano.a(lib_a-abort.o)
                0x000000000000d2a0                abort
 .text.atol     0x000000000000d2ae        0x8 /Users/adam/.platformio/packages/toolchain-gccarmnoneeabi/bin/../lib/gcc/arm-none-eabi/7.2.1/../../../../arm-none-eabi/lib/thumb/v7e-m/fpv4-sp/hard/libc_nano.a(lib_a-atol.o)
                0x000000000000d2ae                atol
 .text.isspace  0x000000000000d2b6       0x12 /Users/adam/.platformio/packages/toolchain-gccarmnoneeabi/bin/../lib/gcc/arm-none-eabi/7.2.1/../../../../arm-none-eabi/lib/thumb/v7e-m/fpv4-sp/hard/libc_nano.a(lib_a-isspace.o)
                0x000000000000d2b6                isspace
 .text.__locale_ctype_ptr_l
                0x000000000000d2c8        0x6 /Users/adam/.platformio/packages/toolchain-gccarmnoneeabi/bin/../lib/gcc/arm-none-eabi/7.2.1/../../../../arm-none-eabi/lib/thumb/v7e-m/fpv4-sp/hard/libc_nano.a(lib_a-locale.o)
                0x000000000000d2c8                __locale_ctype_ptr_l
 *fill*         0x000000000000d2ce        0x2 ff
 .text.__locale_ctype_ptr
                0x000000000000d2d0       0x1c /Users/adam/.platformio/packages/toolchain-gccarmnoneeabi/bin/../lib/gcc/arm-none-eabi/7.2.1/../../../../arm-none-eabi/lib/thumb/v7e-m/fpv4-sp/hard/libc_nano.a(lib_a-locale.o)
                0x000000000000d2d0                __locale_ctype_ptr
 .text.malloc   0x000000000000d2ec       0x10 /Users/adam/.platformio/packages/toolchain-gccarmnoneeabi/bin/../lib/gcc/arm-none-eabi/7.2.1/../../../../arm-none-eabi/lib/thumb/v7e-m/fpv4-sp/hard/libc_nano.a(lib_a-malloc.o)
                0x000000000000d2ec                malloc
 .text.free     0x000000000000d2fc       0x10 /Users/adam/.platformio/packages/toolchain-gccarmnoneeabi/bin/../lib/gcc/arm-none-eabi/7.2.1/../../../../arm-none-eabi/lib/thumb/v7e-m/fpv4-sp/hard/libc_nano.a(lib_a-malloc.o)
                0x000000000000d2fc                free
 .text.__ascii_mbtowc
                0x000000000000d30c       0x24 /Users/adam/.platformio/packages/toolchain-gccarmnoneeabi/bin/../lib/gcc/arm-none-eabi/7.2.1/../../../../arm-none-eabi/lib/thumb/v7e-m/fpv4-sp/hard/libc_nano.a(lib_a-mbtowc_r.o)
                0x000000000000d30c                __ascii_mbtowc
 .text.memcpy   0x000000000000d330       0x16 /Users/adam/.platformio/packages/toolchain-gccarmnoneeabi/bin/../lib/gcc/arm-none-eabi/7.2.1/../../../../arm-none-eabi/lib/thumb/v7e-m/fpv4-sp/hard/libc_nano.a(lib_a-memcpy-stub.o)
                0x000000000000d330                memcpy
 .text.memmove  0x000000000000d346       0x32 /Users/adam/.platformio/packages/toolchain-gccarmnoneeabi/bin/../lib/gcc/arm-none-eabi/7.2.1/../../../../arm-none-eabi/lib/thumb/v7e-m/fpv4-sp/hard/libc_nano.a(lib_a-memmove.o)
                0x000000000000d346                memmove
 .text.memset   0x000000000000d378       0x10 /Users/adam/.platformio/packages/toolchain-gccarmnoneeabi/bin/../lib/gcc/arm-none-eabi/7.2.1/../../../../arm-none-eabi/lib/thumb/v7e-m/fpv4-sp/hard/libc_nano.a(lib_a-memset.o)
                0x000000000000d378                memset
 .text._free_r  0x000000000000d388       0x9c /Users/adam/.platformio/packages/toolchain-gccarmnoneeabi/bin/../lib/gcc/arm-none-eabi/7.2.1/../../../../arm-none-eabi/lib/thumb/v7e-m/fpv4-sp/hard/libc_nano.a(lib_a-nano-freer.o)
                0x000000000000d388                _free_r
 .text._malloc_r
                0x000000000000d424       0xb4 /Users/adam/.platformio/packages/toolchain-gccarmnoneeabi/bin/../lib/gcc/arm-none-eabi/7.2.1/../../../../arm-none-eabi/lib/thumb/v7e-m/fpv4-sp/hard/libc_nano.a(lib_a-nano-mallocr.o)
                0x000000000000d424                _malloc_r
 .text.realloc  0x000000000000d4d8       0x10 /Users/adam/.platformio/packages/toolchain-gccarmnoneeabi/bin/../lib/gcc/arm-none-eabi/7.2.1/../../../../arm-none-eabi/lib/thumb/v7e-m/fpv4-sp/hard/libc_nano.a(lib_a-realloc.o)
                0x000000000000d4d8                realloc
 .text._sbrk_r  0x000000000000d4e8       0x20 /Users/adam/.platformio/packages/toolchain-gccarmnoneeabi/bin/../lib/gcc/arm-none-eabi/7.2.1/../../../../arm-none-eabi/lib/thumb/v7e-m/fpv4-sp/hard/libc_nano.a(lib_a-sbrkr.o)
                0x000000000000d4e8                _sbrk_r
 .text._raise_r
                0x000000000000d508       0x50 /Users/adam/.platformio/packages/toolchain-gccarmnoneeabi/bin/../lib/gcc/arm-none-eabi/7.2.1/../../../../arm-none-eabi/lib/thumb/v7e-m/fpv4-sp/hard/libc_nano.a(lib_a-signal.o)
                0x000000000000d508                _raise_r
 .text.raise    0x000000000000d558       0x10 /Users/adam/.platformio/packages/toolchain-gccarmnoneeabi/bin/../lib/gcc/arm-none-eabi/7.2.1/../../../../arm-none-eabi/lib/thumb/v7e-m/fpv4-sp/hard/libc_nano.a(lib_a-signal.o)
                0x000000000000d558                raise
 .text._kill_r  0x000000000000d568       0x24 /Users/adam/.platformio/packages/toolchain-gccarmnoneeabi/bin/../lib/gcc/arm-none-eabi/7.2.1/../../../../arm-none-eabi/lib/thumb/v7e-m/fpv4-sp/hard/libc_nano.a(lib_a-signalr.o)
                0x000000000000d568                _kill_r
 .text._getpid_r
                0x000000000000d58c        0x4 /Users/adam/.platformio/packages/toolchain-gccarmnoneeabi/bin/../lib/gcc/arm-none-eabi/7.2.1/../../../../arm-none-eabi/lib/thumb/v7e-m/fpv4-sp/hard/libc_nano.a(lib_a-signalr.o)
                0x000000000000d58c                _getpid_r
 .text.strchr   0x000000000000d590       0x1a /Users/adam/.platformio/packages/toolchain-gccarmnoneeabi/bin/../lib/gcc/arm-none-eabi/7.2.1/../../../../arm-none-eabi/lib/thumb/v7e-m/fpv4-sp/hard/libc_nano.a(lib_a-strchr.o)
                0x000000000000d590                strchr
 .text          0x000000000000d5aa       0x14 /Users/adam/.platformio/packages/toolchain-gccarmnoneeabi/bin/../lib/gcc/arm-none-eabi/7.2.1/../../../../arm-none-eabi/lib/thumb/v7e-m/fpv4-sp/hard/libc_nano.a(lib_a-strcmp.o)
                0x000000000000d5aa                strcmp
 .text          0x000000000000d5be       0x10 /Users/adam/.platformio/packages/toolchain-gccarmnoneeabi/bin/../lib/gcc/arm-none-eabi/7.2.1/../../../../arm-none-eabi/lib/thumb/v7e-m/fpv4-sp/hard/libc_nano.a(lib_a-strlen.o)
                0x000000000000d5be                strlen
 .text.strncmp  0x000000000000d5ce       0x24 /Users/adam/.platformio/packages/toolchain-gccarmnoneeabi/bin/../lib/gcc/arm-none-eabi/7.2.1/../../../../arm-none-eabi/lib/thumb/v7e-m/fpv4-sp/hard/libc_nano.a(lib_a-strncmp.o)
                0x000000000000d5ce                strncmp
 .text._strtol_l.isra.0
                0x000000000000d5f2       0xf6 /Users/adam/.platformio/packages/toolchain-gccarmnoneeabi/bin/../lib/gcc/arm-none-eabi/7.2.1/../../../../arm-none-eabi/lib/thumb/v7e-m/fpv4-sp/hard/libc_nano.a(lib_a-strtol.o)
 .text.strtol   0x000000000000d6e8       0x2c /Users/adam/.platformio/packages/toolchain-gccarmnoneeabi/bin/../lib/gcc/arm-none-eabi/7.2.1/../../../../arm-none-eabi/lib/thumb/v7e-m/fpv4-sp/hard/libc_nano.a(lib_a-strtol.o)
                0x000000000000d6e8                strtol
 .text.__ascii_wctomb
                0x000000000000d714       0x1a /Users/adam/.platformio/packages/toolchain-gccarmnoneeabi/bin/../lib/gcc/arm-none-eabi/7.2.1/../../../../arm-none-eabi/lib/thumb/v7e-m/fpv4-sp/hard/libc_nano.a(lib_a-wctomb_r.o)
                0x000000000000d714                __ascii_wctomb
 .text.__malloc_lock
                0x000000000000d72e        0x2 /Users/adam/.platformio/packages/toolchain-gccarmnoneeabi/bin/../lib/gcc/arm-none-eabi/7.2.1/../../../../arm-none-eabi/lib/thumb/v7e-m/fpv4-sp/hard/libc_nano.a(lib_a-mlock.o)
                0x000000000000d72e                __malloc_lock
 .text.__malloc_unlock
                0x000000000000d730        0x2 /Users/adam/.platformio/packages/toolchain-gccarmnoneeabi/bin/../lib/gcc/arm-none-eabi/7.2.1/../../../../arm-none-eabi/lib/thumb/v7e-m/fpv4-sp/hard/libc_nano.a(lib_a-mlock.o)
                0x000000000000d730                __malloc_unlock
 .text._realloc_r
                0x000000000000d732       0x4c /Users/adam/.platformio/packages/toolchain-gccarmnoneeabi/bin/../lib/gcc/arm-none-eabi/7.2.1/../../../../arm-none-eabi/lib/thumb/v7e-m/fpv4-sp/hard/libc_nano.a(lib_a-nano-reallocr.o)
                0x000000000000d732                _realloc_r
 .text._malloc_usable_size_r
                0x000000000000d77e       0x10 /Users/adam/.platformio/packages/toolchain-gccarmnoneeabi/bin/../lib/gcc/arm-none-eabi/7.2.1/../../../../arm-none-eabi/lib/thumb/v7e-m/fpv4-sp/hard/libc_nano.a(lib_a-nano-msizer.o)
                0x000000000000d77e                _malloc_usable_size_r
 *fill*         0x000000000000d78e        0x2 ff
 .text._getpid  0x000000000000d790       0x10 /Users/adam/.platformio/packages/toolchain-gccarmnoneeabi/bin/../lib/gcc/arm-none-eabi/7.2.1/../../../../arm-none-eabi/lib/thumb/v7e-m/fpv4-sp/hard/libnosys.a(getpid.o)
                0x000000000000d790                _getpid
 .text._kill    0x000000000000d7a0       0x10 /Users/adam/.platformio/packages/toolchain-gccarmnoneeabi/bin/../lib/gcc/arm-none-eabi/7.2.1/../../../../arm-none-eabi/lib/thumb/v7e-m/fpv4-sp/hard/libnosys.a(kill.o)
                0x000000000000d7a0                _kill
 .text._sbrk    0x000000000000d7b0       0x1c /Users/adam/.platformio/packages/toolchain-gccarmnoneeabi/bin/../lib/gcc/arm-none-eabi/7.2.1/../../../../arm-none-eabi/lib/thumb/v7e-m/fpv4-sp/hard/libnosys.a(sbrk.o)
                0x000000000000d7b0                _sbrk
 .text._exit    0x000000000000d7cc        0x4 /Users/adam/.platformio/packages/toolchain-gccarmnoneeabi/bin/../lib/gcc/arm-none-eabi/7.2.1/../../../../arm-none-eabi/lib/thumb/v7e-m/fpv4-sp/hard/libnosys.a(_exit.o)
                0x000000000000d7cc                _exit
 *(.version)
 .version       0x000000000000d7d0       0x50 /Users/adam/.platformio/packages/framework-arduinorenesas-uno/variants/MINIMA/libs/libfsp.a(bsp_common.o)
 *(.init)
 .init          0x000000000000d820        0x4 /Users/adam/.platformio/packages/toolchain-gccarmnoneeabi/bin/../lib/gcc/arm-none-eabi/7.2.1/thumb/v7e-m/fpv4-sp/hard/crti.o
                0x000000000000d820                _init
 .init          0x000000000000d824        0x8 /Users/adam/.platformio/packages/toolchain-gccarmnoneeabi/bin/../lib/gcc/arm-none-eabi/7.2.1/thumb/v7e-m/fpv4-sp/hard/crtn.o
 *(.fini)
 .fini          0x000000000000d82c        0x4 /Users/adam/.platformio/packages/toolchain-gccarmnoneeabi/bin/../lib/gcc/arm-none-eabi/7.2.1/thumb/v7e-m/fpv4-sp/hard/crti.o
                0x000000000000d82c                _fini
 .fini          0x000000000000d830        0x8 /Users/adam/.platformio/packages/toolchain-gccarmnoneeabi/bin/../lib/gcc/arm-none-eabi/7.2.1/thumb/v7e-m/fpv4-sp/hard/crtn.o
 *crtbegin.o(.ctors)